[Licensing::Module] Trying to connect to existing licensing client channel...
Built from '6000.4/staging' branch; Version is '6000.4.5f1 (cc83ebd631f8) revision 13403115'; Using compiler version '194234433'; Build Type 'Release'
[Licensing::IpcConnector] Channel LicenseClient-BurkLo doesn't exist
OS: 'Windows 11  (10.0.26200) Enterprise' Language: 'de' Physical Memory: 32440 MB
BatchMode: 1, IsHumanControllingUs: 0, StartBugReporterOnCrash: 0, Is64bit: 1
System  architecture: x64
Process architecture: x64
Date: 2026-07-14T12:57:56Z
[Licensing::Module] Successfully launched the LicensingClient (PId: 16208)
[Licensing::IpcConnector] Successfully connected to: "LicenseClient-BurkLo" at "2026-07-14T12:57:57.077541Z"
[Licensing::Client] Code 10 while verifying Licensing Client signature (process Id: 16208, path: "C:/Program Files/Unity/Hub/Editor/6000.4.5f1/Editor/Data/Resources/Licensing/Client/Unity.Licensing.Client.exe")
[Licensing::Module] LicensingClient has failed validation; ignoring

COMMAND LINE ARGUMENTS:
C:\Program Files\Unity\Hub\Editor\6000.4.5f1\Editor\Unity.exe
-batchmode
-nographics
-projectPath
C:\Users\burklo\Documents\FunctionalMLDS\InteractivAgents\InteractiveAgents2
-executeMethod
FunctionalMldsV2QuickAgentBridgeSmoke.RunFromCommandLine
-logFile
C:\Users\burklo\Documents\FunctionalMLDS\output\unity_v2_alignment\unity_bridge_smoke.log
Successfully changed project path to: C:\Users\burklo\Documents\FunctionalMLDS\InteractivAgents\InteractiveAgents2
C:/Users/burklo/Documents/FunctionalMLDS/InteractivAgents/InteractiveAgents2
[UnityMemory] Configuration Parameters - Can be set up in boot.config
    "memorysetup-temp-allocator-size-gi-baking-worker=262144"
    "memorysetup-temp-allocator-size-gi-baking-worker=262144"
    "memorysetup-temp-allocator-size-gi-baking-worker=262144"
    "memorysetup-temp-allocator-size-gi-baking-worker=262144"
    "memorysetup-temp-allocator-size-gi-baking-worker=262144"
    "memorysetup-temp-allocator-size-nav-mesh-worker=65536"
    "memorysetup-temp-allocator-size-audio-worker=65536"
    "memorysetup-temp-allocator-size-cloud-worker=32768"
    "memorysetup-temp-allocator-size-gfx=262144"
    "memorysetup-temp-allocator-size-preload-manager=33554432"
    "memorysetup-temp-allocator-size-job-worker=262144"
    "memorysetup-temp-allocator-size-background-worker=32768"
    "memorysetup-allocator-temp-initial-block-size-main=262144"
    "memorysetup-allocator-temp-initial-block-size-worker=262144"
    "memorysetup-bucket-allocator-granularity=16"
    "memorysetup-bucket-allocator-bucket-count=8"
    "memorysetup-bucket-allocator-block-size=33554432"
    "memorysetup-bucket-allocator-block-count=8"
    "memorysetup-main-allocator-block-size=16777216"
    "memorysetup-thread-allocator-block-size=16777216"
    "memorysetup-gfx-main-allocator-block-size=16777216"
    "memorysetup-gfx-thread-allocator-block-size=16777216"
    "memorysetup-cache-allocator-block-size=4194304"
    "memorysetup-typetree-allocator-block-size=2097152"
    "memorysetup-profiler-bucket-allocator-granularity=16"
    "memorysetup-profiler-bucket-allocator-bucket-count=8"
    "memorysetup-profiler-bucket-allocator-block-size=33554432"
    "memorysetup-profiler-bucket-allocator-block-count=8"
    "memorysetup-profiler-allocator-block-size=16777216"
    "memorysetup-profiler-editor-allocator-block-size=1048576"
    "memorysetup-temp-allocator-size-main=16777216"
    "memorysetup-job-temp-allocator-block-size=2097152"
    "memorysetup-job-temp-allocator-block-size-background=1048576"
    "memorysetup-job-temp-allocator-reduction-small-platforms=262144"
Player connection [62992]  Target information:

Player connection [62992]  * "[IP] 10.5.0.2 [Port] 55504 [Flags] 2 [Guid] 192457458 [EditorId] 192457458 [Version] 1048832 [Id] WindowsEditor(7,IFAI-P2) [Debug] 1 [PackageName] WindowsEditor [ProjectName] Editor" 

Player connection [62992]  * "[IP] 192.168.178.118 [Port] 55504 [Flags] 2 [Guid] 192457458 [EditorId] 192457458 [Version] 1048832 [Id] WindowsEditor(7,IFAI-P2) [Debug] 1 [PackageName] WindowsEditor [ProjectName] Editor" 

Player connection [62992] Host joined multi-casting on [225.0.0.222:54997]...
Player connection [62992] Host joined alternative multi-casting on [225.0.0.222:34997]...
Input System module state changed to: Initialized.
[Physics::Module] Initialized fallback backend.
[Physics::Module] Id: 0xdecafbad
[Licensing::Client] Handshaking with LicensingClient:
  Version:                 1.18.1+9fbee8e
  Session Id:              366722024c96491f966343225ff4530c
  Correlation Id:          804c5be66aa543e9f2350474d5ccb8b2
  External correlation Id: 678622091686934222
  Machine Id:              D3E8OJaw2IFHdoQ3B31+kHWx7ns=
[Licensing::Module] Successfully connected to LicensingClient on channel: "LicenseClient-BurkLo" (connect: 0.57s, validation: 0.62s, handshake: 0.10s)
[Licensing::IpcConnector] Successfully connected to: "LicenseClient-BurkLo-notifications" at "2026-07-14T12:57:57.7921634Z"
[Licensing::Module] Connected to LicensingClient (PId: 16208, launch time: 0.01, total connection time: 1.28s)
[Licensing::Module] Error: Access token is unavailable; failed to update
[Licensing::Client] Successfully resolved entitlement details
[Licensing::Module] License group:
  Id: 9072248033397-burklo-UnityProStuXXXX
  Product: Unity Educator
  Type: Assigned
  Expiration: 2027-05-05T13:46:48Z
[Licensing::Client] Successfully updated license, isAsync: True, time: 0.02
[Licensing::Client] Successfully resolved entitlement details
[Licensing::Module] Licensing Background thread has ended after 1.37s
[Package Manager] Connected to IPC stream "Upm-73420" after 0.6 seconds.
[Licensing::Client] Successfully resolved entitlement details
Library Redirect Path: Library/
[Physics::Module] Selected backend.
[Physics::Module] Name: PhysX
[Physics::Module] Id: 0xf2b8ea05
[Physics::Module] SDK Version: 4.1.2
[Physics::Module] Integration Version: 1.0.0
[Physics::Module] Threading Mode: Multi-Threaded
Artifact Garbage Collection - Removed 1 unused hashed content files
Refreshing native plugins compatible for Editor in 2.27 ms, found 0 plugins.
Initialize engine version: 6000.4.5f1 (cc83ebd631f8)
[Subsystems] Discovering subsystems at path C:/Program Files/Unity/Hub/Editor/6000.4.5f1/Editor/Data/Resources/UnitySubsystems
[Subsystems] Discovering subsystems at path C:/Users/burklo/Documents/FunctionalMLDS/InteractivAgents/InteractiveAgents2/Assets
Forcing GfxDevice: Null
GfxDevice: creating device client; kGfxThreadingModeNonThreaded
NullGfxDevice:
    Version:  NULL 1.0 [1.0]
    Renderer: Null Device
    Vendor:   Unity Technologies
Shader Hidden/ChartRasterizerHardware is not supported: GPU does not support conservative rasterization
Initialize mono
Mono path[0] = 'C:/Program Files/Unity/Hub/Editor/6000.4.5f1/Editor/Data/Managed'
Mono path[1] = 'C:/Program Files/Unity/Hub/Editor/6000.4.5f1/Editor/Data/MonoBleedingEdge/lib/mono/unityjit-win32'
Mono config path = 'C:/Program Files/Unity/Hub/Editor/6000.4.5f1/Editor/Data/MonoBleedingEdge/etc'
Using monoOptions --debugger-agent=transport=dt_socket,embedding=1,server=y,suspend=n,address=127.0.0.1:56420
CodeReloadManager initialized
Using cacheserver namespaces - metadata:defaultmetadata, artifacts:defaultartifacts
Using cacheserver namespaces - metadata:defaultmetadata, artifacts:defaultartifacts
ImportWorker Server TCP listen port: 0
AcceleratorClientConnectionCallback - disconnected - :0
Begin MonoManager ReloadAssembly
Registering precompiled unity dll's ...
Register platform support module: C:/Program Files/Unity/Hub/Editor/6000.4.5f1/Editor/Data/PlaybackEngines/WebGLSupport/UnityEditor.WebGL.Extensions.dll
Register platform support module: C:/Program Files/Unity/Hub/Editor/6000.4.5f1/Editor/Data/PlaybackEngines/WindowsStandaloneSupport/UnityEditor.WindowsStandalone.Extensions.dll
[Licensing::Client] Successfully resolved entitlement details
Register platform support module: C:/Program Files/Unity/Hub/Editor/6000.4.5f1/Editor/Data/PlaybackEngines/AndroidPlayer/UnityEditor.Android.Extensions.dll
Registered in 0.017909 seconds.
Native extension for Android target not found
Native extension for WindowsStandalone target not found
Native extension for WebGL target not found
Package Manager log level set to [2]
ScheduleIndexationOnStartup MainProcess:False IndexOnStartup:True
Mono: successfully reloaded assembly
- Finished resetting the current domain, in  0.858 seconds
Domain Reload Profiling: 2298ms
	BeginReloadAssembly (314ms)
		CreateAndSetChildDomain (11ms)
	RebuildCommonClasses (120ms)
	RebuildNativeTypeToScriptingClass (48ms)
	initialDomainReloadingComplete (304ms)
	LoadAllAssembliesAndSetupDomain (650ms)
		LoadAssemblies (296ms)
		AnalyzeDomain (623ms)
			TypeCache.Refresh (622ms)
				TypeCache.ScanAssembly (592ms)
	FinalizeReload (863ms)
		SetupLoadedEditorAssemblies (0ms)
			InitializePlatformSupportModulesInManaged (108ms)
			BeforeProcessingInitializeOnLoad (158ms)
			ProcessInitializeOnLoadAttributes (212ms)
			ProcessInitializeOnLoadMethodAttributes (233ms)
[Licensing::Client] Successfully resolved entitlement details
Application.AssetDatabase Initial Refresh Start
[Package Manager] Restoring resolved packages state from cache
[Licensing::Client] Successfully resolved entitlement details
[Package Manager] Registered 69 packages:
  Packages from [https://package.openupm.com]:
    com.de-panther.webxr@0.23.0 (location: C:\Users\burklo\Documents\FunctionalMLDS\InteractivAgents\InteractiveAgents2\Library\PackageCache\com.de-panther.webxr@02c23b44317e)
    com.de-panther.webxr-interactions@0.23.0 (location: C:\Users\burklo\Documents\FunctionalMLDS\InteractivAgents\InteractiveAgents2\Library\PackageCache\com.de-panther.webxr-interactions@0959009ea159)
  Packages from [https://packages.unity.com]:
    com.unity.ai.assistant@2.7.0-pre.2 (location: C:\Users\burklo\Documents\FunctionalMLDS\InteractivAgents\InteractiveAgents2\Library\PackageCache\com.unity.ai.assistant@6ed6beda7ca9)
    com.unity.ai.inference@2.6.1 (location: C:\Users\burklo\Documents\FunctionalMLDS\InteractivAgents\InteractiveAgents2\Library\PackageCache\com.unity.ai.inference@9a123aee5df7)
    com.unity.ai.navigation@2.0.12 (location: C:\Users\burklo\Documents\FunctionalMLDS\InteractivAgents\InteractiveAgents2\Library\PackageCache\com.unity.ai.navigation@734c2c4c5591)
    com.unity.cloud.gltfast@6.18.0 (location: C:\Users\burklo\Documents\FunctionalMLDS\InteractivAgents\InteractiveAgents2\Library\PackageCache\com.unity.cloud.gltfast@17a3b690793e)
    com.unity.collab-proxy@2.12.4 (location: C:\Users\burklo\Documents\FunctionalMLDS\InteractivAgents\InteractiveAgents2\Library\PackageCache\com.unity.collab-proxy@0b1559bcd34e)
    com.unity.ide.rider@3.0.39 (location: C:\Users\burklo\Documents\FunctionalMLDS\InteractivAgents\InteractiveAgents2\Library\PackageCache\com.unity.ide.rider@4504839d03f7)
    com.unity.ide.visualstudio@2.0.27 (location: C:\Users\burklo\Documents\FunctionalMLDS\InteractivAgents\InteractiveAgents2\Library\PackageCache\com.unity.ide.visualstudio@dc1ddd4f09b6)
    com.unity.inputsystem@1.19.0 (location: C:\Users\burklo\Documents\FunctionalMLDS\InteractivAgents\InteractiveAgents2\Library\PackageCache\com.unity.inputsystem@21a28c3a6c83)
    com.unity.nuget.newtonsoft-json@3.2.2 (location: C:\Users\burklo\Documents\FunctionalMLDS\InteractivAgents\InteractiveAgents2\Library\PackageCache\com.unity.nuget.newtonsoft-json@4dfd81071c64)
    com.unity.timeline@1.8.12 (location: C:\Users\burklo\Documents\FunctionalMLDS\InteractivAgents\InteractiveAgents2\Library\PackageCache\com.unity.timeline@8cd8509afae5)
    com.unity.visualscripting@1.9.11 (location: C:\Users\burklo\Documents\FunctionalMLDS\InteractivAgents\InteractiveAgents2\Library\PackageCache\com.unity.visualscripting@8bed5ad90189)
    com.unity.xr.interaction.toolkit@3.5.0 (location: C:\Users\burklo\Documents\FunctionalMLDS\InteractivAgents\InteractiveAgents2\Library\PackageCache\com.unity.xr.interaction.toolkit@8cbdb3075518)
    com.unity.mathematics@1.3.3 (location: C:\Users\burklo\Documents\FunctionalMLDS\InteractivAgents\InteractiveAgents2\Library\PackageCache\com.unity.mathematics@19a9377c4ffa)
    com.unity.xr.core-utils@2.6.0 (location: C:\Users\burklo\Documents\FunctionalMLDS\InteractivAgents\InteractiveAgents2\Library\PackageCache\com.unity.xr.core-utils@a8b900321199)
    com.unity.burst@1.8.29 (location: C:\Users\burklo\Documents\FunctionalMLDS\InteractivAgents\InteractiveAgents2\Library\PackageCache\com.unity.burst@6bb9aca3ef38)
    com.unity.dt.app-ui@2.1.1 (location: C:\Users\burklo\Documents\FunctionalMLDS\InteractivAgents\InteractiveAgents2\Library\PackageCache\com.unity.dt.app-ui@8ac7e730dd5d)
    com.unity.xr.management@4.5.2 (location: C:\Users\burklo\Documents\FunctionalMLDS\InteractivAgents\InteractiveAgents2\Library\PackageCache\com.unity.xr.management@f589c7ba49ff)
    com.unity.searcher@4.9.4 (location: C:\Users\burklo\Documents\FunctionalMLDS\InteractivAgents\InteractiveAgents2\Library\PackageCache\com.unity.searcher@d45a78918735)
    com.unity.nuget.mono-cecil@1.11.6 (location: C:\Users\burklo\Documents\FunctionalMLDS\InteractivAgents\InteractiveAgents2\Library\PackageCache\com.unity.nuget.mono-cecil@ecb9724e46ff)
    com.unity.test-framework.performance@3.4.0 (location: C:\Users\burklo\Documents\FunctionalMLDS\InteractivAgents\InteractiveAgents2\Library\PackageCache\com.unity.test-framework.performance@aa81a99c4a75)
    com.unity.xr.legacyinputhelpers@3.0.1 (location: C:\Users\burklo\Documents\FunctionalMLDS\InteractivAgents\InteractiveAgents2\Library\PackageCache\com.unity.xr.legacyinputhelpers@3f62d634f63b)
  Built-in packages:
    com.unity.multiplayer.center@1.0.1 (location: C:\Users\burklo\Documents\FunctionalMLDS\InteractivAgents\InteractiveAgents2\Library\PackageCache\com.unity.multiplayer.center@f01f4ba8d00a)
    com.unity.render-pipelines.universal@17.4.0 (location: C:\Users\burklo\Documents\FunctionalMLDS\InteractivAgents\InteractiveAgents2\Library\PackageCache\com.unity.render-pipelines.universal@4d008a28541a)
    com.unity.test-framework@1.6.0 (location: C:\Users\burklo\Documents\FunctionalMLDS\InteractivAgents\InteractiveAgents2\Library\PackageCache\com.unity.test-framework@76560ee600cb)
    com.unity.ugui@2.0.0 (location: C:\Users\burklo\Documents\FunctionalMLDS\InteractivAgents\InteractiveAgents2\Library\PackageCache\com.unity.ugui@d8a2716f3013)
    com.unity.modules.accessibility@1.0.0 (location: C:\Users\burklo\Documents\FunctionalMLDS\InteractivAgents\InteractiveAgents2\Library\PackageCache\com.unity.modules.accessibility)
    com.unity.modules.adaptiveperformance@1.0.0 (location: C:\Users\burklo\Documents\FunctionalMLDS\InteractivAgents\InteractiveAgents2\Library\PackageCache\com.unity.modules.adaptiveperformance)
    com.unity.modules.ai@1.0.0 (location: C:\Users\burklo\Documents\FunctionalMLDS\InteractivAgents\InteractiveAgents2\Library\PackageCache\com.unity.modules.ai)
    com.unity.modules.androidjni@1.0.0 (location: C:\Users\burklo\Documents\FunctionalMLDS\InteractivAgents\InteractiveAgents2\Library\PackageCache\com.unity.modules.androidjni)
    com.unity.modules.animation@1.0.0 (location: C:\Users\burklo\Documents\FunctionalMLDS\InteractivAgents\InteractiveAgents2\Library\PackageCache\com.unity.modules.animation)
    com.unity.modules.assetbundle@1.0.0 (location: C:\Users\burklo\Documents\FunctionalMLDS\InteractivAgents\InteractiveAgents2\Library\PackageCache\com.unity.modules.assetbundle)
    com.unity.modules.audio@1.0.0 (location: C:\Users\burklo\Documents\FunctionalMLDS\InteractivAgents\InteractiveAgents2\Library\PackageCache\com.unity.modules.audio)
    com.unity.modules.cloth@1.0.0 (location: C:\Users\burklo\Documents\FunctionalMLDS\InteractivAgents\InteractiveAgents2\Library\PackageCache\com.unity.modules.cloth)
    com.unity.modules.director@1.0.0 (location: C:\Users\burklo\Documents\FunctionalMLDS\InteractivAgents\InteractiveAgents2\Library\PackageCache\com.unity.modules.director)
    com.unity.modules.imageconversion@1.0.0 (location: C:\Users\burklo\Documents\FunctionalMLDS\InteractivAgents\InteractiveAgents2\Library\PackageCache\com.unity.modules.imageconversion)
    com.unity.modules.imgui@1.0.0 (location: C:\Users\burklo\Documents\FunctionalMLDS\InteractivAgents\InteractiveAgents2\Library\PackageCache\com.unity.modules.imgui)
    com.unity.modules.jsonserialize@1.0.0 (location: C:\Users\burklo\Documents\FunctionalMLDS\InteractivAgents\InteractiveAgents2\Library\PackageCache\com.unity.modules.jsonserialize)
    com.unity.modules.particlesystem@1.0.0 (location: C:\Users\burklo\Documents\FunctionalMLDS\InteractivAgents\InteractiveAgents2\Library\PackageCache\com.unity.modules.particlesystem)
    com.unity.modules.physics@1.0.0 (location: C:\Users\burklo\Documents\FunctionalMLDS\InteractivAgents\InteractiveAgents2\Library\PackageCache\com.unity.modules.physics)
    com.unity.modules.physics2d@1.0.0 (location: C:\Users\burklo\Documents\FunctionalMLDS\InteractivAgents\InteractiveAgents2\Library\PackageCache\com.unity.modules.physics2d)
    com.unity.modules.screencapture@1.0.0 (location: C:\Users\burklo\Documents\FunctionalMLDS\InteractivAgents\InteractiveAgents2\Library\PackageCache\com.unity.modules.screencapture)
    com.unity.modules.terrain@1.0.0 (location: C:\Users\burklo\Documents\FunctionalMLDS\InteractivAgents\InteractiveAgents2\Library\PackageCache\com.unity.modules.terrain)
    com.unity.modules.terrainphysics@1.0.0 (location: C:\Users\burklo\Documents\FunctionalMLDS\InteractivAgents\InteractiveAgents2\Library\PackageCache\com.unity.modules.terrainphysics)
    com.unity.modules.tilemap@1.0.0 (location: C:\Users\burklo\Documents\FunctionalMLDS\InteractivAgents\InteractiveAgents2\Library\PackageCache\com.unity.modules.tilemap)
    com.unity.modules.ui@1.0.0 (location: C:\Users\burklo\Documents\FunctionalMLDS\InteractivAgents\InteractiveAgents2\Library\PackageCache\com.unity.modules.ui)
    com.unity.modules.uielements@1.0.0 (location: C:\Users\burklo\Documents\FunctionalMLDS\InteractivAgents\InteractiveAgents2\Library\PackageCache\com.unity.modules.uielements)
    com.unity.modules.umbra@1.0.0 (location: C:\Users\burklo\Documents\FunctionalMLDS\InteractivAgents\InteractiveAgents2\Library\PackageCache\com.unity.modules.umbra)
    com.unity.modules.unityanalytics@1.0.0 (location: C:\Users\burklo\Documents\FunctionalMLDS\InteractivAgents\InteractiveAgents2\Library\PackageCache\com.unity.modules.unityanalytics)
    com.unity.modules.unitywebrequest@1.0.0 (location: C:\Users\burklo\Documents\FunctionalMLDS\InteractivAgents\InteractiveAgents2\Library\PackageCache\com.unity.modules.unitywebrequest)
    com.unity.modules.unitywebrequestassetbundle@1.0.0 (location: C:\Users\burklo\Documents\FunctionalMLDS\InteractivAgents\InteractiveAgents2\Library\PackageCache\com.unity.modules.unitywebrequestassetbundle)
    com.unity.modules.unitywebrequestaudio@1.0.0 (location: C:\Users\burklo\Documents\FunctionalMLDS\InteractivAgents\InteractiveAgents2\Library\PackageCache\com.unity.modules.unitywebrequestaudio)
    com.unity.modules.unitywebrequesttexture@1.0.0 (location: C:\Users\burklo\Documents\FunctionalMLDS\InteractivAgents\InteractiveAgents2\Library\PackageCache\com.unity.modules.unitywebrequesttexture)
    com.unity.modules.unitywebrequestwww@1.0.0 (location: C:\Users\burklo\Documents\FunctionalMLDS\InteractivAgents\InteractiveAgents2\Library\PackageCache\com.unity.modules.unitywebrequestwww)
    com.unity.modules.vectorgraphics@1.0.0 (location: C:\Users\burklo\Documents\FunctionalMLDS\InteractivAgents\InteractiveAgents2\Library\PackageCache\com.unity.modules.vectorgraphics)
    com.unity.modules.vehicles@1.0.0 (location: C:\Users\burklo\Documents\FunctionalMLDS\InteractivAgents\InteractiveAgents2\Library\PackageCache\com.unity.modules.vehicles)
    com.unity.modules.video@1.0.0 (location: C:\Users\burklo\Documents\FunctionalMLDS\InteractivAgents\InteractiveAgents2\Library\PackageCache\com.unity.modules.video)
    com.unity.modules.vr@1.0.0 (location: C:\Users\burklo\Documents\FunctionalMLDS\InteractivAgents\InteractiveAgents2\Library\PackageCache\com.unity.modules.vr)
    com.unity.modules.wind@1.0.0 (location: C:\Users\burklo\Documents\FunctionalMLDS\InteractivAgents\InteractiveAgents2\Library\PackageCache\com.unity.modules.wind)
    com.unity.modules.xr@1.0.0 (location: C:\Users\burklo\Documents\FunctionalMLDS\InteractivAgents\InteractiveAgents2\Library\PackageCache\com.unity.modules.xr)
    com.unity.modules.subsystems@1.0.0 (location: C:\Users\burklo\Documents\FunctionalMLDS\InteractivAgents\InteractiveAgents2\Library\PackageCache\com.unity.modules.subsystems)
    com.unity.modules.hierarchycore@1.0.0 (location: C:\Users\burklo\Documents\FunctionalMLDS\InteractivAgents\InteractiveAgents2\Library\PackageCache\com.unity.modules.hierarchycore)
    com.unity.ext.nunit@2.0.5 (location: C:\Users\burklo\Documents\FunctionalMLDS\InteractivAgents\InteractiveAgents2\Library\PackageCache\com.unity.ext.nunit@d8c07649098d)
    com.unity.render-pipelines.core@17.4.0 (location: C:\Users\burklo\Documents\FunctionalMLDS\InteractivAgents\InteractiveAgents2\Library\PackageCache\com.unity.render-pipelines.core@2269be549234)
    com.unity.shadergraph@17.4.0 (location: C:\Users\burklo\Documents\FunctionalMLDS\InteractivAgents\InteractiveAgents2\Library\PackageCache\com.unity.shadergraph@cd28a7c13031)
    com.unity.render-pipelines.universal-config@17.4.0 (location: C:\Users\burklo\Documents\FunctionalMLDS\InteractivAgents\InteractiveAgents2\Library\PackageCache\com.unity.render-pipelines.universal-config@0db4263b9e6b)
    com.unity.collections@6.4.0 (location: C:\Users\burklo\Documents\FunctionalMLDS\InteractivAgents\InteractiveAgents2\Library\PackageCache\com.unity.collections@9c2353fb96f6)
    com.unity.2d.sprite@1.0.0 (location: C:\Users\burklo\Documents\FunctionalMLDS\InteractivAgents\InteractiveAgents2\Library\PackageCache\com.unity.2d.sprite@929df5adbb1f)
[Subsystems] No new subsystems found in resolved package list.
[Package Manager] Done registering packages in 0.09 seconds
Duplicate assembly 'System.Runtime.CompilerServices.Unsafe.dll' with different versions detected, using 'Packages/com.unity.ai.assistant/Plugins/Shared/System.Runtime.CompilerServices.Unsafe.dll, AssemblyName=System.Runtime.CompilerServices.Unsafe, Version=6.0.3.0, Culture=neutral, PublicKeyToken=b03f5f7f11d50a3a' and ignoring 'Packages/com.unity.collections/Unity.Collections.Tests/System.Runtime.CompilerServices.Unsafe/System.Runtime.CompilerServices.Unsafe.dll, AssemblyName=System.Runtime.CompilerServices.Unsafe, Version=6.0.0.0, Culture=neutral, PublicKeyToken=b03f5f7f11d50a3a'.Refreshing native plugins compatible for Editor in 7.71 ms, found 5 plugins.
Starting: C:\Program Files\Unity\Hub\Editor\6000.4.5f1\Editor\Data\Tools\BuildPipeline\bee_backend.exe --ipc --defer-dag-verification --dagfile="Library/Bee/2000b0aE.dag" --continue-on-failure --profile="Library/Bee/backend1.traceevents" ScriptAssemblies
WorkingDir: C:/Users/burklo/Documents/FunctionalMLDS/InteractivAgents/InteractiveAgents2
Duplicate assembly 'System.Runtime.CompilerServices.Unsafe.dll' with different versions detected, using 'Packages/com.unity.ai.assistant/Plugins/Shared/System.Runtime.CompilerServices.Unsafe.dll, AssemblyName=System.Runtime.CompilerServices.Unsafe, Version=6.0.3.0, Culture=neutral, PublicKeyToken=b03f5f7f11d50a3a' and ignoring 'Packages/com.unity.collections/Unity.Collections.Tests/System.Runtime.CompilerServices.Unsafe/System.Runtime.CompilerServices.Unsafe.dll, AssemblyName=System.Runtime.CompilerServices.Unsafe, Version=6.0.0.0, Culture=neutral, PublicKeyToken=b03f5f7f11d50a3a'.DisplayProgressbar: Compiling Scripts
ExitCode: 0 Duration: 1s467ms
[1361/1800  0s] ILPP-Configuration Library/ilpp-configuration.nevergeneratedoutput
*** Tundra build success (1.33 seconds), 1 items updated, 1800 evaluated
AssetDatabase: script compilation time: 4.457293s
Begin MonoManager ReloadAssembly
Duplicate assembly 'System.Runtime.CompilerServices.Unsafe.dll' with different versions detected, using 'Packages/com.unity.ai.assistant/Plugins/Shared/System.Runtime.CompilerServices.Unsafe.dll, AssemblyName=System.Runtime.CompilerServices.Unsafe, Version=6.0.3.0, Culture=neutral, PublicKeyToken=b03f5f7f11d50a3a' and ignoring 'Packages/com.unity.collections/Unity.Collections.Tests/System.Runtime.CompilerServices.Unsafe/System.Runtime.CompilerServices.Unsafe.dll, AssemblyName=System.Runtime.CompilerServices.Unsafe, Version=6.0.0.0, Culture=neutral, PublicKeyToken=b03f5f7f11d50a3a'.Assembly Assembly-CSharp-Editor-firstpass.dll at Library/ScriptAssemblies/Assembly-CSharp-Editor-firstpass.dll not valid. Loading of assembly skipped.
Assembly Assembly-CSharp-firstpass.dll at Library/ScriptAssemblies/Assembly-CSharp-firstpass.dll not valid. Loading of assembly skipped.
Assembly DocCodeExamples.dll at Library/ScriptAssemblies/DocCodeExamples.dll not valid. Loading of assembly skipped.
Assembly TestNewCustomAssembly.dll at Library/ScriptAssemblies/TestNewCustomAssembly.dll not valid. Loading of assembly skipped.
Assembly Unity.2D.Sprite.Package.EditorTests.dll at Library/ScriptAssemblies/Unity.2D.Sprite.Package.EditorTests.dll not valid. Loading of assembly skipped.
Assembly Unity.AI.Assistant.Integrations.Sample.Editor.dll at Library/ScriptAssemblies/Unity.AI.Assistant.Integrations.Sample.Editor.dll not valid. Loading of assembly skipped.
Assembly Unity.AppUI.Editor.Tests.dll at Library/ScriptAssemblies/Unity.AppUI.Editor.Tests.dll not valid. Loading of assembly skipped.
Assembly Unity.AppUI.Tests.dll at Library/ScriptAssemblies/Unity.AppUI.Tests.dll not valid. Loading of assembly skipped.
Assembly Unity.Collections.BurstCompatibilityGen.dll at Library/ScriptAssemblies/Unity.Collections.BurstCompatibilityGen.dll not valid. Loading of assembly skipped.
Assembly Unity.Collections.DocCodeSamples.dll at Library/ScriptAssemblies/Unity.Collections.DocCodeSamples.dll not valid. Loading of assembly skipped.
Assembly Unity.Collections.PerformanceTests.dll at Library/ScriptAssemblies/Unity.Collections.PerformanceTests.dll not valid. Loading of assembly skipped.
Assembly Unity.Collections.Tests.dll at Library/ScriptAssemblies/Unity.Collections.Tests.dll not valid. Loading of assembly skipped.
Assembly Unity.Collections.Tests.Playmode.dll at Library/ScriptAssemblies/Unity.Collections.Tests.Playmode.dll not valid. Loading of assembly skipped.
Assembly Unity.InputSystem.IntegrationTests.dll at Library/ScriptAssemblies/Unity.InputSystem.IntegrationTests.dll not valid. Loading of assembly skipped.
Assembly Unity.Mathematics.Tests.dll at Library/ScriptAssemblies/Unity.Mathematics.Tests.dll not valid. Loading of assembly skipped.
Assembly Unity.Multiplayer.Center.Editor.Tests.dll at Library/ScriptAssemblies/Unity.Multiplayer.Center.Editor.Tests.dll not valid. Loading of assembly skipped.
Assembly Unity.Multiplayer.Center.Tests.dll at Library/ScriptAssemblies/Unity.Multiplayer.Center.Tests.dll not valid. Loading of assembly skipped.
Assembly Unity.Nuget.Mono-Cecil.dll at Library/ScriptAssemblies/Unity.Nuget.Mono-Cecil.dll not valid. Loading of assembly skipped.
Assembly Unity.PathTracing.Editor.Tests.dll at Library/ScriptAssemblies/Unity.PathTracing.Editor.Tests.dll not valid. Loading of assembly skipped.
Assembly Unity.PathTracing.Runtime.Tests.dll at Library/ScriptAssemblies/Unity.PathTracing.Runtime.Tests.dll not valid. Loading of assembly skipped.
Assembly Unity.RenderPipelines.Core.Editor.Tests.dll at Library/ScriptAssemblies/Unity.RenderPipelines.Core.Editor.Tests.dll not valid. Loading of assembly skipped.
Assembly Unity.RenderPipelines.Core.Runtime.Tests.dll at Library/ScriptAssemblies/Unity.RenderPipelines.Core.Runtime.Tests.dll not valid. Loading of assembly skipped.
Assembly Unity.RenderPipelines.Universal.Config.Editor.Tests.dll at Library/ScriptAssemblies/Unity.RenderPipelines.Universal.Config.Editor.Tests.dll not valid. Loading of assembly skipped.
Assembly Unity.RenderPipelines.Universal.Editor.Tests.dll at Library/ScriptAssemblies/Unity.RenderPipelines.Universal.Editor.Tests.dll not valid. Loading of assembly skipped.
Assembly Unity.RenderPipelines.Universal.Runtime.Tests.dll at Library/ScriptAssemblies/Unity.RenderPipelines.Universal.Runtime.Tests.dll not valid. Loading of assembly skipped.
Assembly Unity.Searcher.EditorTests.dll at Library/ScriptAssemblies/Unity.Searcher.EditorTests.dll not valid. Loading of assembly skipped.
Assembly Unity.ShaderGraph.Editor.Tests.dll at Library/ScriptAssemblies/Unity.ShaderGraph.Editor.Tests.dll not valid. Loading of assembly skipped.
Assembly Unity.TextMeshPro.Editor.Tests.dll at Library/ScriptAssemblies/Unity.TextMeshPro.Editor.Tests.dll not valid. Loading of assembly skipped.
Assembly Unity.TextMeshPro.Tests.dll at Library/ScriptAssemblies/Unity.TextMeshPro.Tests.dll not valid. Loading of assembly skipped.
Assembly Unity.UnifiedRayTracing.Editor.Tests.dll at Library/ScriptAssemblies/Unity.UnifiedRayTracing.Editor.Tests.dll not valid. Loading of assembly skipped.
Assembly Unity.XR.CoreUtils.CodeSamples.Tests.dll at Library/ScriptAssemblies/Unity.XR.CoreUtils.CodeSamples.Tests.dll not valid. Loading of assembly skipped.
Assembly Unity.XR.CoreUtils.Editor.Tests.dll at Library/ScriptAssemblies/Unity.XR.CoreUtils.Editor.Tests.dll not valid. Loading of assembly skipped.
Assembly Unity.XR.CoreUtils.Tests.dll at Library/ScriptAssemblies/Unity.XR.CoreUtils.Tests.dll not valid. Loading of assembly skipped.
Assembly Unity.XR.Interaction.Toolkit.Editor.Tests.dll at Library/ScriptAssemblies/Unity.XR.Interaction.Toolkit.Editor.Tests.dll not valid. Loading of assembly skipped.
Assembly Unity.XR.Interaction.Toolkit.Tests.dll at Library/ScriptAssemblies/Unity.XR.Interaction.Toolkit.Tests.dll not valid. Loading of assembly skipped.
Assembly Unity.XR.Management.EditorTests.dll at Library/ScriptAssemblies/Unity.XR.Management.EditorTests.dll not valid. Loading of assembly skipped.
Assembly Unity.XR.Management.TestPackage.dll at Library/ScriptAssemblies/Unity.XR.Management.TestPackage.dll not valid. Loading of assembly skipped.
Assembly Unity.XR.Management.TestPackage.Editor.dll at Library/ScriptAssemblies/Unity.XR.Management.TestPackage.Editor.dll not valid. Loading of assembly skipped.
Assembly Unity.XR.Management.Tests.dll at Library/ScriptAssemblies/Unity.XR.Management.Tests.dll not valid. Loading of assembly skipped.
Assembly Unity.XR.Management.Tests.Standalone.dll at Library/ScriptAssemblies/Unity.XR.Management.Tests.Standalone.dll not valid. Loading of assembly skipped.
Assembly Unity.XR.TestSupport.dll at Library/ScriptAssemblies/Unity.XR.TestSupport.dll not valid. Loading of assembly skipped.
Assembly UnityEditor.UI.Common.Tests.dll at Library/ScriptAssemblies/UnityEditor.UI.Common.Tests.dll not valid. Loading of assembly skipped.
Assembly UnityEditor.UI.EditorTests.dll at Library/ScriptAssemblies/UnityEditor.UI.EditorTests.dll not valid. Loading of assembly skipped.
Assembly UnityEditor.XR.LegacyInputHelpers.Tests.dll at Library/ScriptAssemblies/UnityEditor.XR.LegacyInputHelpers.Tests.dll not valid. Loading of assembly skipped.
Assembly UnityEngine.SpatialTracking.Tests.dll at Library/ScriptAssemblies/UnityEngine.SpatialTracking.Tests.dll not valid. Loading of assembly skipped.
Assembly UnityEngine.UI.Tests.dll at Library/ScriptAssemblies/UnityEngine.UI.Tests.dll not valid. Loading of assembly skipped.
Refreshing native plugins compatible for Editor in 23.90 ms, found 5 plugins.
Native extension for Android target not found
Native extension for WindowsStandalone target not found
Native extension for WebGL target not found
Refreshing native plugins compatible for Editor in 7.58 ms, found 5 plugins.
Duplicate assembly 'System.Runtime.CompilerServices.Unsafe.dll' with different versions detected, using 'Packages/com.unity.ai.assistant/Plugins/Shared/System.Runtime.CompilerServices.Unsafe.dll, AssemblyName=System.Runtime.CompilerServices.Unsafe, Version=6.0.3.0, Culture=neutral, PublicKeyToken=b03f5f7f11d50a3a' and ignoring 'Packages/com.unity.collections/Unity.Collections.Tests/System.Runtime.CompilerServices.Unsafe/System.Runtime.CompilerServices.Unsafe.dll, AssemblyName=System.Runtime.CompilerServices.Unsafe, Version=6.0.0.0, Culture=neutral, PublicKeyToken=b03f5f7f11d50a3a'.Refreshing native plugins compatible for Editor in 21.52 ms, found 5 plugins.
ScheduleIndexationOnStartup MainProcess:True IndexOnStartup:True
Mono: successfully reloaded assembly
- Finished resetting the current domain, in 13.689 seconds
Domain Reload Profiling: 17331ms
	BeginReloadAssembly (706ms)
		DisableScriptedObjects (94ms)
		CreateAndSetChildDomain (214ms)
	RebuildCommonClasses (90ms)
	RebuildNativeTypeToScriptingClass (26ms)
	initialDomainReloadingComplete (165ms)
	LoadAllAssembliesAndSetupDomain (2653ms)
		LoadAssemblies (973ms)
		AnalyzeDomain (1929ms)
			TypeCache.Refresh (1632ms)
				TypeCache.ScanAssembly (1581ms)
			BuildScriptInfoCaches (265ms)
			ResolveRequiredComponents (30ms)
	FinalizeReload (13691ms)
		SetupLoadedEditorAssemblies (0ms)
			InitializePlatformSupportModulesInManaged (63ms)
			BeforeProcessingInitializeOnLoad (450ms)
			ProcessInitializeOnLoadAttributes (10391ms)
			ProcessInitializeOnLoadMethodAttributes (1801ms)
			AfterProcessingInitializeOnLoad (25ms)
			EditorAssembliesLoaded (11ms)
		AwakeInstancesAfterBackupRestoration (96ms)
(Values over 0.050ms)
Asset Pipeline Refresh (id=15ed9fe3b8171e1409ff16f98c6c50c1): Total: 25.925 seconds - Initiated by InitialRefreshV2(ForceSynchronousImport)
	Summary:
		Imports: total=0 (actual=0, local cache=0, cache server=0)
		Asset DB Process Time: managed=0 ms, native=17347 ms
		Asset DB Callback time: managed=99 ms, native=100 ms
		Scripting: domain reloads=1, domain reload time=3653 ms, compile time=4462 ms, other=258 ms
		Project Asset Count: scripts=2398, non-scripts=6071
		Asset File Changes: new=0, changed=0, moved=0, deleted=0
		Scan Filter Count: 0
	InvokePackagesCallback: 105.678ms
	ApplyChangesToAssetFolders: 1.875ms
	Scan: 2341.341ms
	CategorizeScriptCompilationAssets: 195.373ms
	ProcessAssetsWithTransientArtifactChanges: 283.682ms
	CategorizeAssets: 291.113ms
	CompileScripts: 4461.613ms
	ImportOutOfDateAssets: 13774.899ms (13770.371ms without children)
		ReloadNativeAssets: 0.054ms
		UnloadImportedAssets: 1.035ms
		EnsureUptoDateAssetsAreRegisteredWithGuidPM: 2.217ms
		OnDemandSchedulerStart: 1.218ms
	PostProcessAllAssets: 99.917ms
		MonoPostProcessAllAssets: 99.801ms
			UniversalRenderPipelineGlobalSettingsPostprocessor.OnPostprocessAllAssets 32.151ms
			GraphRefreshPostprocessor.OnPostprocessAllAssets 5.007ms
			SyncVS.PostprocessSyncProject 4.259ms
			SpeedTree9Postprocessor.OnPostprocessAllAssets 4.191ms
			WindowAssetPostprocessingWatcher.OnPostprocessAllAssets 3.328ms
			AssetChangeDetector.OnPostprocessAllAssets 2.315ms
			RenderPipelineGlobalSettingsPostprocessor.OnPostprocessAllAssets 1.536ms
			ReferencedClipsPostProcessor.OnPostprocessAllAssets 0.637ms
			InputActionAssetPostprocessor.OnPostprocessAllAssets 0.571ms
			TerrainToolbarOverlayPostProcessor.OnPostprocessAllAssets 0.432ms
			ProjectSettingsPostprocessor.OnPostprocessAllAssets 0.381ms
			AssetDatabaseCallbacks.OnPostprocessAllAssets 0.331ms
			WebXRBuildProcessor.OnPostprocessAllAssets 0.328ms
	UnloadStreamsBegin: 9.287ms
	PersistCurrentRevisions: 0.604ms
	GenerateScriptTypeHashes: 19.136ms
	GenerateScriptTypeSerializationHashes: 32.856ms
	Untracked: 4335.690ms

Application.AssetDatabase Initial Refresh End
Shader Hidden/ChartRasterizerHardware is not supported: GPU does not support conservative rasterization
Scanning for USB devices : 22.119ms
Initializing Unity extensions:
[MODES] ModeService[none].Initialize
[MODES] ModeService[none].LoadModes
[MODES] Loading mode Default (0) for mode-current-id-InteractiveAgents2
Unloading 70 Unused Serialized files (Serialized files now loaded: 0)
Unloading 11278 unused Assets / (6.1 MB). Loaded Objects now: 12186.
Memory consumption went from 289.2 MB to 283.1 MB.
Total: 74.817600 ms (FindLiveObjects: 2.458200 ms CreateObjectMapping: 3.203400 ms MarkObjects: 58.199400 ms  DeleteObjects: 10.948500 ms)

[FunctionalMldsV2QuickAgentBridgeSmoke] OK
UnityEngine.Debug:ExtractStackTraceNoAlloc (byte*,int,string)
UnityEngine.StackTraceUtility:ExtractStackTrace ()
UnityEngine.DebugLogHandler:Internal_Log (UnityEngine.LogType,UnityEngine.LogOption,string,UnityEngine.Object)
UnityEngine.DebugLogHandler:LogFormat (UnityEngine.LogType,UnityEngine.Object,string,object[])
UnityEngine.Logger:Log (UnityEngine.LogType,object)
UnityEngine.Debug:Log (object)
FunctionalMldsV2QuickAgentBridgeSmoke:RunFromCommandLine () (at Assets/InteractiveAgents/Editor/FunctionalMldsV2QuickAgentBridgeSmoke.cs:25)

(Filename: Assets/InteractiveAgents/Editor/FunctionalMldsV2QuickAgentBridgeSmoke.cs Line: 25)

Curl error 42: Callback aborted
Killing ADB server in 2,3687237 seconds.
Start importing ProjectSettings/EditorBuildSettings.asset using Guid(0000000000000000b000000000000000) (LibraryAssetImporter) -> (Import Result ID: '9b5b4b1ce977c0394bd6e11392a44803') in 0.0147034 seconds [static dependencies only]. Details - ImportResultOutputID=d777934f36c664454d62eda103573334 DependenciesID=c332da2a486a9d2273b14b0285056503 StaticDependenciesID=831eb131f29acd1f027c45ab048a6ff6 
Refreshing native plugins compatible for Editor in 7.45 ms, found 5 plugins.
(Values over 0.050ms)
Asset Pipeline Refresh (id=e11851ecdd4d19747a62519c52ddba26): Total: 0.825 seconds - Initiated by StopAssetImportingV2(NoUpdateAssetOptions)
	Summary:
		Imports: total=1 (actual=1, local cache=0, cache server=0)
		Asset DB Process Time: managed=4 ms, native=151 ms
		Asset DB Callback time: managed=650 ms, native=19 ms
		Scripting: domain reloads=0, domain reload time=0 ms, compile time=0 ms, other=0 ms
		Project Asset Count: scripts=2398, non-scripts=6071
		Asset File Changes: new=0, changed=0, moved=0, deleted=0
		Scan Filter Count: 1
	ApplyChangesToAssetFolders: 0.171ms
	Scan: 27.031ms
	ProcessAssetsWithTransientArtifactChanges: 0.151ms
	CategorizeAssets: 95.507ms
	ImportOutOfDateAssets: 20.385ms (0.755ms without children)
		ImportManagerImport: 17.007ms (1.851ms without children)
		ReloadNativeAssets: 0.054ms
		UnloadImportedAssets: 0.338ms
		EnsureUptoDateAssetsAreRegisteredWithGuidPM: 1.395ms
		OnDemandSchedulerStart: 0.831ms
	PostProcessAllAssets: 661.307ms
		XRBuildSystem.XRAssetImported 10.527ms
		MonoPostProcessAllAssets: 650.058ms
			AssetPostprocessor.OnPostprocessAllAssets 212.376ms
			AssetReferenceReimportMonitor.OnPostprocessAllAssets 45.213ms
			AssetCallbacks.OnPostprocessAllAssets 39.710ms
			StyleCatalogPostProcessor.OnPostprocessAllAssets 36.878ms
			BuilderAssetPostprocessor.OnPostprocessAllAssets 10.768ms
			ShaderGraphAssetPostProcessor.OnPostprocessAllAssets 2.322ms
			RetainedModeAssetPostprocessor.OnPostprocessAllAssets 2.159ms
			AssetChangedListener.OnPostprocessAllAssets 2.152ms
			MaterialPostprocessor.OnPostprocessAllAssets 1.360ms
			ArtifactBrowserPostProcessor.OnPostprocessAllAssets 1.132ms
			SpriteEditorTexturePostprocessor.OnPostprocessAllAssets 0.819ms
			UVCSAssetPostprocessor.OnPostprocessAllAssets 0.609ms
			AudioMixerPostprocessor.OnPostprocessAllAssets 0.592ms
			TextAssetPostProcessor.OnPostprocessAllAssets 0.561ms
			SkillsProjectAssetPostprocessor.OnPostprocessAllAssets 0.546ms
			ModelAssetProcessor.OnPostprocessAllAssets 0.532ms
			TMPro_TexturePostProcessor.OnPostprocessAllAssets 0.501ms
			InputActionJsonNameModifierAssetProcessor.OnPostprocessAllAssets 0.478ms
			PostProcessor.OnPostprocessAllAssets 0.434ms
			GraphRefreshPostprocessor.OnPostprocessAllAssets 0.387ms
			AssetEvents.OnPostprocessAllAssets 0.385ms
			SyncVS.PostprocessSyncProject 0.357ms
			SpeedTreePostProcessor.OnPostprocessAllAssets 0.269ms
			ConfigAssetsTracker.OnPostprocessAllAssets 0.245ms
			ScenarioDriftAssetsTracker.OnPostprocessAllAssets 0.231ms
			SamplePostprocessor.OnPostprocessAllAssets 0.217ms
			RenderPipelineGlobalSettingsPostprocessor.OnPostprocessAllAssets 0.216ms
			InputActionAssetPostprocessor.OnPostprocessAllAssets 0.170ms
			AudioContainerPostProcessor.OnPostprocessAllAssets 0.137ms
			TrackSelectedAssetsProcessor.OnPostprocessAllAssets 0.109ms
	PostAssetChangesProfiler: 7.917ms
	GatherAllCurrentPrimaryImportResultRevisions: 0.448ms
	UnloadStreamsBegin: 0.088ms
	PersistCurrentRevisions: 0.459ms
	Untracked: 11.273ms

[Physics::Module] Cleanup current backend.
[Physics::Module] Id: 0xf2b8ea05
Input System module state changed to: ShutdownInProgress.
Input Polling Thread exited.
Input System module state changed to: Shutdown.
[Licensing::IpcConnector] LicenseClient-BurkLo-notifications channel disconnected successfully.
[Licensing::IpcConnector] LicenseClient-BurkLo channel disconnected successfully.
AcceleratorClientConnectionCallback - disconnected - :0
Cleanup mono
CodeReloadManager destroyed
Checking for leaked weakptr:
  Found no leaked weakptrs.
[Package Manager] Server process was shutdown
##utp:{"type":"MemoryLeaks","version":2,"phase":"Immediate","time":1784033921000,"processId":73420,"allocatedMemory":20248537,"memoryLabels":[{"Default":222374},{"Permanent":15276},{"NewDelete":65147},{"Thread":4230384},{"Manager":39405},{"VertexData":8},{"Geometry":816},{"Texture":24},{"Shader":853136},{"Material":24},{"GfxDevice":55321},{"Animation":392},{"Audio":3008},{"FreeType":8},{"FontEngine":736},{"Physics":2090},{"Physics2D":16},{"Serialization":632},{"Input":9880},{"JobScheduler":33024},{"TextLib":216},{"Mono":32},{"MonoCode":320},{"ScriptingNativeRuntime":155052},{"BaseObject":1620432},{"Resource":1184},{"Renderer":3008},{"Transform":4685},{"File":1088},{"WebCam":616},{"Culling":32},{"Terrain":11394},{"Wind":24},{"STL":40},{"String":15313},{"StaticString":6718},{"Utility":2673862},{"Curl":2559},{"PoolAlloc":2888},{"AI":80},{"TypeTree":16157},{"ScriptManager":448},{"RuntimeInitializeOnLoadManager":64},{"SpriteAtlas":120},{"GI":7792},{"Director":8320},{"CloudService":7376},{"WebRequest":845},{"VR":48050},{"SceneManager":504},{"Video":64},{"LazyScriptCache":32},{"Camera":17},{"Secure":2113},{"SerializationCache":1576},{"APIUpdating":10320},{"Subsystems":336},{"VirtualTexturing":57888},{"StaticSafetyDebugInfo":278528},{"Analytics":640},{"Hierarchy":608},{"CoreStats":13032},{"Identifiers":12960},{"Gui":128},{"EditorUtility":120342},{"VersionControl":4},{"Undo":931},{"AssetDatabase":9573347},{"EditorGi":328},{"UnityConnect":37753},{"Upm":1912},{"UpmDiagnostics":8},{"AssetCompliance":64},{"DrivenProperties":72},{"LocalIPC":212},{"ProfilerEditor":9746},{"CoreBusinessMetrics":2880},{"Windowing":456},{"Licensing":1360},{"AssetReference":32},{"IPCStream":32}]}
