[Licensing::Module] Trying to connect to existing licensing client channel...
[Licensing::IpcConnector] Successfully connected to: "LicenseClient-BurkLo" at "2026-07-09T15:49:27.3543185Z"
Built from '6000.4/staging' branch; Version is '6000.4.5f1 (cc83ebd631f8) revision 13403115'; Using compiler version '194234433'; Build Type 'Release'
OS: 'Windows 11  (10.0.26200) Enterprise' Language: 'de' Physical Memory: 32440 MB
BatchMode: 1, IsHumanControllingUs: 0, StartBugReporterOnCrash: 0, Is64bit: 1
System  architecture: x64
Process architecture: x64
Date: 2026-07-09T15:49:27Z

COMMAND LINE ARGUMENTS:
C:\Program Files\Unity\Hub\Editor\6000.4.5f1\Editor\Unity.exe
-batchmode
-quit
-nographics
-projectPath
C:\Users\burklo\Documents\FunctionalMLDS\InteractivAgents\InteractiveAgents2
-logFile
C:\Users\burklo\Documents\FunctionalMLDS\output\metamodel\unity_functionalmlds_wizard_compile_check.log
Successfully changed project path to: C:\Users\burklo\Documents\FunctionalMLDS\InteractivAgents\InteractiveAgents2
C:/Users/burklo/Documents/FunctionalMLDS/InteractivAgents/InteractiveAgents2
[UnityMemory] Configuration Parameters - Can be set up in boot.config
    "memorysetup-temp-allocator-size-gi-baking-worker=262144"
    "memorysetup-temp-allocator-size-gi-baking-worker=262144"
    "memorysetup-temp-allocator-size-gi-baking-worker=262144"
    "memorysetup-temp-allocator-size-gi-baking-worker=262144"
    "memorysetup-temp-allocator-size-gi-baking-worker=262144"
    "memorysetup-temp-allocator-size-nav-mesh-worker=65536"
    "memorysetup-temp-allocator-size-audio-worker=65536"
    "memorysetup-temp-allocator-size-cloud-worker=32768"
    "memorysetup-temp-allocator-size-gfx=262144"
    "memorysetup-temp-allocator-size-preload-manager=33554432"
    "memorysetup-temp-allocator-size-job-worker=262144"
    "memorysetup-temp-allocator-size-background-worker=32768"
    "memorysetup-allocator-temp-initial-block-size-main=262144"
    "memorysetup-allocator-temp-initial-block-size-worker=262144"
    "memorysetup-bucket-allocator-granularity=16"
    "memorysetup-bucket-allocator-bucket-count=8"
    "memorysetup-bucket-allocator-block-size=33554432"
    "memorysetup-bucket-allocator-block-count=8"
    "memorysetup-main-allocator-block-size=16777216"
    "memorysetup-thread-allocator-block-size=16777216"
    "memorysetup-gfx-main-allocator-block-size=16777216"
    "memorysetup-gfx-thread-allocator-block-size=16777216"
    "memorysetup-cache-allocator-block-size=4194304"
    "memorysetup-typetree-allocator-block-size=2097152"
    "memorysetup-profiler-bucket-allocator-granularity=16"
    "memorysetup-profiler-bucket-allocator-bucket-count=8"
    "memorysetup-profiler-bucket-allocator-block-size=33554432"
    "memorysetup-profiler-bucket-allocator-block-count=8"
    "memorysetup-profiler-allocator-block-size=16777216"
    "memorysetup-profiler-editor-allocator-block-size=1048576"
    "memorysetup-temp-allocator-size-main=16777216"
    "memorysetup-job-temp-allocator-block-size=2097152"
    "memorysetup-job-temp-allocator-block-size-background=1048576"
    "memorysetup-job-temp-allocator-reduction-small-platforms=262144"
Player connection [57952]  Target information:

Player connection [57952]  * "[IP] 192.168.178.118 [Port] 55505 [Flags] 2 [Guid] 2095033865 [EditorId] 2095033865 [Version] 1048832 [Id] WindowsEditor(7,IFAI-P2) [Debug] 1 [PackageName] WindowsEditor [ProjectName] Editor" 

Player connection [57952] Host joined multi-casting on [225.0.0.222:54997]...
Player connection [57952] Host joined alternative multi-casting on [225.0.0.222:34997]...
Input System module state changed to: Initialized.
[Physics::Module] Initialized fallback backend.
[Physics::Module] Id: 0xdecafbad
[Package Manager] Connected to IPC stream "Upm-70704" after 1.1 seconds.
[Licensing::Module] Licensing is not yet initialized.
[Licensing::Client] Error: HandshakeResponse reported an error:
	ResponseCode: 505
	ResponseStatus: Unsupported protocol version '1.18.1'.
[Licensing::Module] Error: Failed to handshake to channel: "LicenseClient-BurkLo"
[Licensing::IpcConnector] LicenseClient-BurkLo channel disconnected successfully.
[Licensing::IpcConnector] Channel LicenseClient-BurkLo-6000.4.5 doesn't exist
[Licensing::Module] Successfully launched the LicensingClient (PId: 71108)
[Licensing::IpcConnector] Successfully connected to: "LicenseClient-BurkLo-6000.4.5" at "2026-07-09T15:49:38.3235495Z"
[Licensing::Client] Code 10 while verifying Licensing Client signature (process Id: 71108, path: "C:/Program Files/Unity/Hub/Editor/6000.4.5f1/Editor/Data/Resources/Licensing/Client/Unity.Licensing.Client.exe")
[Licensing::Module] LicensingClient has failed validation; ignoring
[Licensing::Client] Handshaking with LicensingClient:
  Version:                 1.18.1+9fbee8e
  Session Id:              93fd551908c44877ac6c224af1289681
  Correlation Id:          f49411040393e1097456200fd1830d9f
  External correlation Id: 8200404892165031920
  Machine Id:              D3E8OJaw2IFHdoQ3B31+kHWx7ns=
[Licensing::Module] Successfully connected to LicensingClient on channel: "LicenseClient-BurkLo-6000.4.5" (connect: 1.99s, validation: 2.74s, handshake: 0.07s)
[Licensing::IpcConnector] Successfully connected to: "LicenseClient-BurkLo-6000.4.5-notifications" at "2026-07-09T15:49:41.1393211Z"
[Licensing::Module] Connected to LicensingClient (PId: 71108, launch time: 0.04, total connection time: 4.81s)
[Licensing::Module] Error: Access token is unavailable; failed to update
[Licensing::Client] Successfully resolved entitlement details
[Licensing::Module] License group:
  Id: 9072248033397-burklo-UnityProStuXXXX
  Product: Unity Educator
  Type: Assigned
  Expiration: 2027-05-05T13:46:48Z
[Licensing::Client] Successfully updated license, isAsync: True, time: 0.05
[Licensing::Client] Successfully resolved entitlement details
[Licensing::Module] Licensing Background thread has ended after 14.06s
[Licensing::Module] Licensing is initialized (took 11.49s).
[Licensing::Client] Successfully resolved entitlement details
Library Redirect Path: Library/
[Physics::Module] Selected backend.
[Physics::Module] Name: PhysX
[Physics::Module] Id: 0xf2b8ea05
[Physics::Module] SDK Version: 4.1.2
[Physics::Module] Integration Version: 1.0.0
[Physics::Module] Threading Mode: Multi-Threaded
Artifact Garbage Collection - Removed 1 unused hashed content files
Refreshing native plugins compatible for Editor in 5.36 ms, found 0 plugins.
Initialize engine version: 6000.4.5f1 (cc83ebd631f8)
[Subsystems] Discovering subsystems at path C:/Program Files/Unity/Hub/Editor/6000.4.5f1/Editor/Data/Resources/UnitySubsystems
[Subsystems] Discovering subsystems at path C:/Users/burklo/Documents/FunctionalMLDS/InteractivAgents/InteractiveAgents2/Assets
Forcing GfxDevice: Null
GfxDevice: creating device client; kGfxThreadingModeNonThreaded
NullGfxDevice:
    Version:  NULL 1.0 [1.0]
    Renderer: Null Device
    Vendor:   Unity Technologies
Shader Hidden/ChartRasterizerHardware is not supported: GPU does not support conservative rasterization
Initialize mono
Mono path[0] = 'C:/Program Files/Unity/Hub/Editor/6000.4.5f1/Editor/Data/Managed'
Mono path[1] = 'C:/Program Files/Unity/Hub/Editor/6000.4.5f1/Editor/Data/MonoBleedingEdge/lib/mono/unityjit-win32'
Mono config path = 'C:/Program Files/Unity/Hub/Editor/6000.4.5f1/Editor/Data/MonoBleedingEdge/etc'
Using monoOptions --debugger-agent=transport=dt_socket,embedding=1,server=y,suspend=n,address=127.0.0.1:56704
CodeReloadManager initialized
Using cacheserver namespaces - metadata:defaultmetadata, artifacts:defaultartifacts
Using cacheserver namespaces - metadata:defaultmetadata, artifacts:defaultartifacts
ImportWorker Server TCP listen port: 0
AcceleratorClientConnectionCallback - disconnected - :0
Begin MonoManager ReloadAssembly
Registering precompiled unity dll's ...
Register platform support module: C:/Program Files/Unity/Hub/Editor/6000.4.5f1/Editor/Data/PlaybackEngines/WebGLSupport/UnityEditor.WebGL.Extensions.dll
Register platform support module: C:/Program Files/Unity/Hub/Editor/6000.4.5f1/Editor/Data/PlaybackEngines/WindowsStandaloneSupport/UnityEditor.WindowsStandalone.Extensions.dll
[Licensing::Client] Successfully resolved entitlement details
Register platform support module: C:/Program Files/Unity/Hub/Editor/6000.4.5f1/Editor/Data/PlaybackEngines/AndroidPlayer/UnityEditor.Android.Extensions.dll
Registered in 0.034097 seconds.
Native extension for Android target not found
Native extension for WindowsStandalone target not found
Native extension for WebGL target not found
Package Manager log level set to [2]
ScheduleIndexationOnStartup MainProcess:False IndexOnStartup:True
Mono: successfully reloaded assembly
- Finished resetting the current domain, in  1.579 seconds
Domain Reload Profiling: 4216ms
	BeginReloadAssembly (597ms)
		CreateAndSetChildDomain (4ms)
	RebuildCommonClasses (200ms)
	RebuildNativeTypeToScriptingClass (84ms)
	initialDomainReloadingComplete (318ms)
	LoadAllAssembliesAndSetupDomain (1433ms)
		LoadAssemblies (601ms)
		AnalyzeDomain (1368ms)
			TypeCache.Refresh (1365ms)
				TypeCache.ScanAssembly (1321ms)
	FinalizeReload (1585ms)
		SetupLoadedEditorAssemblies (0ms)
			InitializePlatformSupportModulesInManaged (262ms)
			BeforeProcessingInitializeOnLoad (336ms)
			ProcessInitializeOnLoadAttributes (440ms)
			ProcessInitializeOnLoadMethodAttributes (273ms)
[Licensing::Client] Successfully resolved entitlement details
Application.AssetDatabase Initial Refresh Start
[Package Manager] Restoring resolved packages state from cache
[Licensing::Client] Successfully resolved entitlement details
[Package Manager] Registered 69 packages:
  Packages from [https://package.openupm.com]:
    com.de-panther.webxr@0.23.0 (location: C:\Users\burklo\Documents\FunctionalMLDS\InteractivAgents\InteractiveAgents2\Library\PackageCache\com.de-panther.webxr@02c23b44317e)
    com.de-panther.webxr-interactions@0.23.0 (location: C:\Users\burklo\Documents\FunctionalMLDS\InteractivAgents\InteractiveAgents2\Library\PackageCache\com.de-panther.webxr-interactions@0959009ea159)
  Packages from [https://packages.unity.com]:
    com.unity.ai.assistant@2.7.0-pre.2 (location: C:\Users\burklo\Documents\FunctionalMLDS\InteractivAgents\InteractiveAgents2\Library\PackageCache\com.unity.ai.assistant@6ed6beda7ca9)
    com.unity.ai.inference@2.6.1 (location: C:\Users\burklo\Documents\FunctionalMLDS\InteractivAgents\InteractiveAgents2\Library\PackageCache\com.unity.ai.inference@9a123aee5df7)
    com.unity.ai.navigation@2.0.12 (location: C:\Users\burklo\Documents\FunctionalMLDS\InteractivAgents\InteractiveAgents2\Library\PackageCache\com.unity.ai.navigation@734c2c4c5591)
    com.unity.cloud.gltfast@6.18.0 (location: C:\Users\burklo\Documents\FunctionalMLDS\InteractivAgents\InteractiveAgents2\Library\PackageCache\com.unity.cloud.gltfast@17a3b690793e)
    com.unity.collab-proxy@2.12.4 (location: C:\Users\burklo\Documents\FunctionalMLDS\InteractivAgents\InteractiveAgents2\Library\PackageCache\com.unity.collab-proxy@0b1559bcd34e)
    com.unity.ide.rider@3.0.39 (location: C:\Users\burklo\Documents\FunctionalMLDS\InteractivAgents\InteractiveAgents2\Library\PackageCache\com.unity.ide.rider@4504839d03f7)
    com.unity.ide.visualstudio@2.0.27 (location: C:\Users\burklo\Documents\FunctionalMLDS\InteractivAgents\InteractiveAgents2\Library\PackageCache\com.unity.ide.visualstudio@dc1ddd4f09b6)
    com.unity.inputsystem@1.19.0 (location: C:\Users\burklo\Documents\FunctionalMLDS\InteractivAgents\InteractiveAgents2\Library\PackageCache\com.unity.inputsystem@21a28c3a6c83)
    com.unity.timeline@1.8.12 (location: C:\Users\burklo\Documents\FunctionalMLDS\InteractivAgents\InteractiveAgents2\Library\PackageCache\com.unity.timeline@8cd8509afae5)
    com.unity.visualscripting@1.9.11 (location: C:\Users\burklo\Documents\FunctionalMLDS\InteractivAgents\InteractiveAgents2\Library\PackageCache\com.unity.visualscripting@8bed5ad90189)
    com.unity.xr.interaction.toolkit@3.5.0 (location: C:\Users\burklo\Documents\FunctionalMLDS\InteractivAgents\InteractiveAgents2\Library\PackageCache\com.unity.xr.interaction.toolkit@8cbdb3075518)
    com.unity.mathematics@1.3.3 (location: C:\Users\burklo\Documents\FunctionalMLDS\InteractivAgents\InteractiveAgents2\Library\PackageCache\com.unity.mathematics@19a9377c4ffa)
    com.unity.xr.core-utils@2.6.0 (location: C:\Users\burklo\Documents\FunctionalMLDS\InteractivAgents\InteractiveAgents2\Library\PackageCache\com.unity.xr.core-utils@a8b900321199)
    com.unity.burst@1.8.29 (location: C:\Users\burklo\Documents\FunctionalMLDS\InteractivAgents\InteractiveAgents2\Library\PackageCache\com.unity.burst@6bb9aca3ef38)
    com.unity.dt.app-ui@2.1.1 (location: C:\Users\burklo\Documents\FunctionalMLDS\InteractivAgents\InteractiveAgents2\Library\PackageCache\com.unity.dt.app-ui@8ac7e730dd5d)
    com.unity.nuget.newtonsoft-json@3.2.2 (location: C:\Users\burklo\Documents\FunctionalMLDS\InteractivAgents\InteractiveAgents2\Library\PackageCache\com.unity.nuget.newtonsoft-json@4dfd81071c64)
    com.unity.xr.management@4.5.2 (location: C:\Users\burklo\Documents\FunctionalMLDS\InteractivAgents\InteractiveAgents2\Library\PackageCache\com.unity.xr.management@f589c7ba49ff)
    com.unity.searcher@4.9.4 (location: C:\Users\burklo\Documents\FunctionalMLDS\InteractivAgents\InteractiveAgents2\Library\PackageCache\com.unity.searcher@d45a78918735)
    com.unity.nuget.mono-cecil@1.11.6 (location: C:\Users\burklo\Documents\FunctionalMLDS\InteractivAgents\InteractiveAgents2\Library\PackageCache\com.unity.nuget.mono-cecil@ecb9724e46ff)
    com.unity.test-framework.performance@3.4.0 (location: C:\Users\burklo\Documents\FunctionalMLDS\InteractivAgents\InteractiveAgents2\Library\PackageCache\com.unity.test-framework.performance@aa81a99c4a75)
    com.unity.xr.legacyinputhelpers@3.0.1 (location: C:\Users\burklo\Documents\FunctionalMLDS\InteractivAgents\InteractiveAgents2\Library\PackageCache\com.unity.xr.legacyinputhelpers@3f62d634f63b)
  Built-in packages:
    com.unity.multiplayer.center@1.0.1 (location: C:\Users\burklo\Documents\FunctionalMLDS\InteractivAgents\InteractiveAgents2\Library\PackageCache\com.unity.multiplayer.center@f01f4ba8d00a)
    com.unity.render-pipelines.universal@17.4.0 (location: C:\Users\burklo\Documents\FunctionalMLDS\InteractivAgents\InteractiveAgents2\Library\PackageCache\com.unity.render-pipelines.universal@4d008a28541a)
    com.unity.test-framework@1.6.0 (location: C:\Users\burklo\Documents\FunctionalMLDS\InteractivAgents\InteractiveAgents2\Library\PackageCache\com.unity.test-framework@76560ee600cb)
    com.unity.ugui@2.0.0 (location: C:\Users\burklo\Documents\FunctionalMLDS\InteractivAgents\InteractiveAgents2\Library\PackageCache\com.unity.ugui@d8a2716f3013)
    com.unity.modules.accessibility@1.0.0 (location: C:\Users\burklo\Documents\FunctionalMLDS\InteractivAgents\InteractiveAgents2\Library\PackageCache\com.unity.modules.accessibility)
    com.unity.modules.adaptiveperformance@1.0.0 (location: C:\Users\burklo\Documents\FunctionalMLDS\InteractivAgents\InteractiveAgents2\Library\PackageCache\com.unity.modules.adaptiveperformance)
    com.unity.modules.ai@1.0.0 (location: C:\Users\burklo\Documents\FunctionalMLDS\InteractivAgents\InteractiveAgents2\Library\PackageCache\com.unity.modules.ai)
    com.unity.modules.androidjni@1.0.0 (location: C:\Users\burklo\Documents\FunctionalMLDS\InteractivAgents\InteractiveAgents2\Library\PackageCache\com.unity.modules.androidjni)
    com.unity.modules.animation@1.0.0 (location: C:\Users\burklo\Documents\FunctionalMLDS\InteractivAgents\InteractiveAgents2\Library\PackageCache\com.unity.modules.animation)
    com.unity.modules.assetbundle@1.0.0 (location: C:\Users\burklo\Documents\FunctionalMLDS\InteractivAgents\InteractiveAgents2\Library\PackageCache\com.unity.modules.assetbundle)
    com.unity.modules.audio@1.0.0 (location: C:\Users\burklo\Documents\FunctionalMLDS\InteractivAgents\InteractiveAgents2\Library\PackageCache\com.unity.modules.audio)
    com.unity.modules.cloth@1.0.0 (location: C:\Users\burklo\Documents\FunctionalMLDS\InteractivAgents\InteractiveAgents2\Library\PackageCache\com.unity.modules.cloth)
    com.unity.modules.director@1.0.0 (location: C:\Users\burklo\Documents\FunctionalMLDS\InteractivAgents\InteractiveAgents2\Library\PackageCache\com.unity.modules.director)
    com.unity.modules.imageconversion@1.0.0 (location: C:\Users\burklo\Documents\FunctionalMLDS\InteractivAgents\InteractiveAgents2\Library\PackageCache\com.unity.modules.imageconversion)
    com.unity.modules.imgui@1.0.0 (location: C:\Users\burklo\Documents\FunctionalMLDS\InteractivAgents\InteractiveAgents2\Library\PackageCache\com.unity.modules.imgui)
    com.unity.modules.jsonserialize@1.0.0 (location: C:\Users\burklo\Documents\FunctionalMLDS\InteractivAgents\InteractiveAgents2\Library\PackageCache\com.unity.modules.jsonserialize)
    com.unity.modules.particlesystem@1.0.0 (location: C:\Users\burklo\Documents\FunctionalMLDS\InteractivAgents\InteractiveAgents2\Library\PackageCache\com.unity.modules.particlesystem)
    com.unity.modules.physics@1.0.0 (location: C:\Users\burklo\Documents\FunctionalMLDS\InteractivAgents\InteractiveAgents2\Library\PackageCache\com.unity.modules.physics)
    com.unity.modules.physics2d@1.0.0 (location: C:\Users\burklo\Documents\FunctionalMLDS\InteractivAgents\InteractiveAgents2\Library\PackageCache\com.unity.modules.physics2d)
    com.unity.modules.screencapture@1.0.0 (location: C:\Users\burklo\Documents\FunctionalMLDS\InteractivAgents\InteractiveAgents2\Library\PackageCache\com.unity.modules.screencapture)
    com.unity.modules.terrain@1.0.0 (location: C:\Users\burklo\Documents\FunctionalMLDS\InteractivAgents\InteractiveAgents2\Library\PackageCache\com.unity.modules.terrain)
    com.unity.modules.terrainphysics@1.0.0 (location: C:\Users\burklo\Documents\FunctionalMLDS\InteractivAgents\InteractiveAgents2\Library\PackageCache\com.unity.modules.terrainphysics)
    com.unity.modules.tilemap@1.0.0 (location: C:\Users\burklo\Documents\FunctionalMLDS\InteractivAgents\InteractiveAgents2\Library\PackageCache\com.unity.modules.tilemap)
    com.unity.modules.ui@1.0.0 (location: C:\Users\burklo\Documents\FunctionalMLDS\InteractivAgents\InteractiveAgents2\Library\PackageCache\com.unity.modules.ui)
    com.unity.modules.uielements@1.0.0 (location: C:\Users\burklo\Documents\FunctionalMLDS\InteractivAgents\InteractiveAgents2\Library\PackageCache\com.unity.modules.uielements)
    com.unity.modules.umbra@1.0.0 (location: C:\Users\burklo\Documents\FunctionalMLDS\InteractivAgents\InteractiveAgents2\Library\PackageCache\com.unity.modules.umbra)
    com.unity.modules.unityanalytics@1.0.0 (location: C:\Users\burklo\Documents\FunctionalMLDS\InteractivAgents\InteractiveAgents2\Library\PackageCache\com.unity.modules.unityanalytics)
    com.unity.modules.unitywebrequest@1.0.0 (location: C:\Users\burklo\Documents\FunctionalMLDS\InteractivAgents\InteractiveAgents2\Library\PackageCache\com.unity.modules.unitywebrequest)
    com.unity.modules.unitywebrequestassetbundle@1.0.0 (location: C:\Users\burklo\Documents\FunctionalMLDS\InteractivAgents\InteractiveAgents2\Library\PackageCache\com.unity.modules.unitywebrequestassetbundle)
    com.unity.modules.unitywebrequestaudio@1.0.0 (location: C:\Users\burklo\Documents\FunctionalMLDS\InteractivAgents\InteractiveAgents2\Library\PackageCache\com.unity.modules.unitywebrequestaudio)
    com.unity.modules.unitywebrequesttexture@1.0.0 (location: C:\Users\burklo\Documents\FunctionalMLDS\InteractivAgents\InteractiveAgents2\Library\PackageCache\com.unity.modules.unitywebrequesttexture)
    com.unity.modules.unitywebrequestwww@1.0.0 (location: C:\Users\burklo\Documents\FunctionalMLDS\InteractivAgents\InteractiveAgents2\Library\PackageCache\com.unity.modules.unitywebrequestwww)
    com.unity.modules.vectorgraphics@1.0.0 (location: C:\Users\burklo\Documents\FunctionalMLDS\InteractivAgents\InteractiveAgents2\Library\PackageCache\com.unity.modules.vectorgraphics)
    com.unity.modules.vehicles@1.0.0 (location: C:\Users\burklo\Documents\FunctionalMLDS\InteractivAgents\InteractiveAgents2\Library\PackageCache\com.unity.modules.vehicles)
    com.unity.modules.video@1.0.0 (location: C:\Users\burklo\Documents\FunctionalMLDS\InteractivAgents\InteractiveAgents2\Library\PackageCache\com.unity.modules.video)
    com.unity.modules.vr@1.0.0 (location: C:\Users\burklo\Documents\FunctionalMLDS\InteractivAgents\InteractiveAgents2\Library\PackageCache\com.unity.modules.vr)
    com.unity.modules.wind@1.0.0 (location: C:\Users\burklo\Documents\FunctionalMLDS\InteractivAgents\InteractiveAgents2\Library\PackageCache\com.unity.modules.wind)
    com.unity.modules.xr@1.0.0 (location: C:\Users\burklo\Documents\FunctionalMLDS\InteractivAgents\InteractiveAgents2\Library\PackageCache\com.unity.modules.xr)
    com.unity.modules.subsystems@1.0.0 (location: C:\Users\burklo\Documents\FunctionalMLDS\InteractivAgents\InteractiveAgents2\Library\PackageCache\com.unity.modules.subsystems)
    com.unity.modules.hierarchycore@1.0.0 (location: C:\Users\burklo\Documents\FunctionalMLDS\InteractivAgents\InteractiveAgents2\Library\PackageCache\com.unity.modules.hierarchycore)
    com.unity.ext.nunit@2.0.5 (location: C:\Users\burklo\Documents\FunctionalMLDS\InteractivAgents\InteractiveAgents2\Library\PackageCache\com.unity.ext.nunit@d8c07649098d)
    com.unity.render-pipelines.core@17.4.0 (location: C:\Users\burklo\Documents\FunctionalMLDS\InteractivAgents\InteractiveAgents2\Library\PackageCache\com.unity.render-pipelines.core@2269be549234)
    com.unity.shadergraph@17.4.0 (location: C:\Users\burklo\Documents\FunctionalMLDS\InteractivAgents\InteractiveAgents2\Library\PackageCache\com.unity.shadergraph@cd28a7c13031)
    com.unity.render-pipelines.universal-config@17.4.0 (location: C:\Users\burklo\Documents\FunctionalMLDS\InteractivAgents\InteractiveAgents2\Library\PackageCache\com.unity.render-pipelines.universal-config@0db4263b9e6b)
    com.unity.collections@6.4.0 (location: C:\Users\burklo\Documents\FunctionalMLDS\InteractivAgents\InteractiveAgents2\Library\PackageCache\com.unity.collections@9c2353fb96f6)
    com.unity.2d.sprite@1.0.0 (location: C:\Users\burklo\Documents\FunctionalMLDS\InteractivAgents\InteractiveAgents2\Library\PackageCache\com.unity.2d.sprite@929df5adbb1f)
[Subsystems] No new subsystems found in resolved package list.
[Package Manager] Done registering packages in 0.09 seconds
[ScriptCompilation] Requested script compilation because: AssetDatabase observed changes in script compilation related files
Duplicate assembly 'System.Runtime.CompilerServices.Unsafe.dll' with different versions detected, using 'Packages/com.unity.ai.assistant/Plugins/Shared/System.Runtime.CompilerServices.Unsafe.dll, AssemblyName=System.Runtime.CompilerServices.Unsafe, Version=6.0.3.0, Culture=neutral, PublicKeyToken=b03f5f7f11d50a3a' and ignoring 'Packages/com.unity.collections/Unity.Collections.Tests/System.Runtime.CompilerServices.Unsafe/System.Runtime.CompilerServices.Unsafe.dll, AssemblyName=System.Runtime.CompilerServices.Unsafe, Version=6.0.0.0, Culture=neutral, PublicKeyToken=b03f5f7f11d50a3a'.Refreshing native plugins compatible for Editor in 24.03 ms, found 5 plugins.
Starting: C:\Program Files\Unity\Hub\Editor\6000.4.5f1\Editor\Data\Tools\BuildPipeline\bee_backend.exe --ipc --defer-dag-verification --dagfile="Library/Bee/2000b0aE.dag" --continue-on-failure --profile="Library/Bee/backend1.traceevents" ScriptAssemblies
WorkingDir: C:/Users/burklo/Documents/FunctionalMLDS/InteractivAgents/InteractiveAgents2
Duplicate assembly 'System.Runtime.CompilerServices.Unsafe.dll' with different versions detected, using 'Packages/com.unity.ai.assistant/Plugins/Shared/System.Runtime.CompilerServices.Unsafe.dll, AssemblyName=System.Runtime.CompilerServices.Unsafe, Version=6.0.3.0, Culture=neutral, PublicKeyToken=b03f5f7f11d50a3a' and ignoring 'Packages/com.unity.collections/Unity.Collections.Tests/System.Runtime.CompilerServices.Unsafe/System.Runtime.CompilerServices.Unsafe.dll, AssemblyName=System.Runtime.CompilerServices.Unsafe, Version=6.0.0.0, Culture=neutral, PublicKeyToken=b03f5f7f11d50a3a'.DisplayProgressbar: Compiling Scripts
Starting: C:\Program Files\Unity\Hub\Editor\6000.4.5f1\Editor\Data\netcorerun\netcorerun.exe "C:\Program Files\Unity\Hub\Editor\6000.4.5f1\Editor\Data\Tools\BuildPipeline\ScriptCompilationBuildProgram.exe" "Library/Bee/2000b0aE.dag.json" "Library/Bee/2000b0aE-inputdata.json" "Library\Bee\buildprogram0.traceevents"
WorkingDir: C:/Users/burklo/Documents/FunctionalMLDS/InteractivAgents/InteractiveAgents2
ExitCode: 4 Duration: 7s776ms
Rebuilding DAG because FileSignature timestamp changed: Library/Bee/2000b0aE-inputdata.json
[1359/1800  1s] ILPP-Configuration Library/ilpp-configuration.nevergeneratedoutput
[1360/1800  6s] Csc Library/Bee/artifacts/2000b0aE.dag/Assembly-CSharp.dll (+2 others)
Assets\Scripting\ProjectManagerUI.cs(1018,9): warning CS0618: 'UnityWebRequest.chunkedTransfer' is obsolete: 'HTTP/2 and many HTTP/1.1 servers don't support this; we recommend leaving it set to false (default).'
*** Tundra requires additional run (7.53 seconds), 2 items updated, 1358 evaluated
ExitCode: 0 Duration: 4s799ms
Starting: C:\Program Files\Unity\Hub\Editor\6000.4.5f1\Editor\Data\Tools\BuildPipeline\bee_backend.exe --ipc --defer-dag-verification --dagfile="Library/Bee/2000b0aE.dag" --continue-on-failure --dagfilejson="Library\Bee\2000b0aE.dag.json" --profile="Library/Bee/backend2.traceevents" ScriptAssemblies
WorkingDir: C:/Users/burklo/Documents/FunctionalMLDS/InteractivAgents/InteractiveAgents2
ExitCode: 0 Duration: 5s377ms
Finished compiling graph: 1804 nodes, 38726 flattened edges (31156 ToBuild, 304 ToUse), maximum node priority 2054
[1360/1800  0s] ILPP-Configuration Library/ilpp-configuration.nevergeneratedoutput
[1793/1800  1s] Csc Library/Bee/artifacts/2000b0aE.dag/Assembly-CSharp-Editor.dll (+2 others)
[1794/1800  1s] ILPostProcess Library/Bee/artifacts/2000b0aE.dag/post-processed/Assembly-CSharp-Editor.dll (+pdb)
Processing assembly Library/Bee/artifacts/2000b0aE.dag/Assembly-CSharp-Editor.dll, with 117 defines and 391 references

processors: Unity.Jobs.CodeGen.JobsILPostProcessor, zzzUnity.Burst.CodeGen.BurstILPostProcessor

running Unity.Jobs.CodeGen.JobsILPostProcessor

running zzzUnity.Burst.CodeGen.BurstILPostProcessor
[1795/1800  2s] ILPostProcess Library/Bee/artifacts/2000b0aE.dag/post-processed/Assembly-CSharp.dll (+pdb)
Processing assembly Library/Bee/artifacts/2000b0aE.dag/Assembly-CSharp.dll, with 119 defines and 361 references

processors: Unity.Jobs.CodeGen.JobsILPostProcessor, zzzUnity.Burst.CodeGen.BurstILPostProcessor

running Unity.Jobs.CodeGen.JobsILPostProcessor

running zzzUnity.Burst.CodeGen.BurstILPostProcessor
[1796/1800  0s] CopyFiles Library/ScriptAssemblies/Assembly-CSharp.pdb
[1797/1800  0s] CopyFiles Library/ScriptAssemblies/Assembly-CSharp-Editor.pdb
[1798/1800  0s] CopyFiles Library/ScriptAssemblies/Assembly-CSharp-Editor.dll
[1799/1800  0s] CopyFiles Library/ScriptAssemblies/Assembly-CSharp.dll
*** Tundra build success (5.22 seconds), 8 items updated, 1800 evaluated
AssetDatabase: script compilation time: 19.197948s
Begin MonoManager ReloadAssembly
Duplicate assembly 'System.Runtime.CompilerServices.Unsafe.dll' with different versions detected, using 'Packages/com.unity.ai.assistant/Plugins/Shared/System.Runtime.CompilerServices.Unsafe.dll, AssemblyName=System.Runtime.CompilerServices.Unsafe, Version=6.0.3.0, Culture=neutral, PublicKeyToken=b03f5f7f11d50a3a' and ignoring 'Packages/com.unity.collections/Unity.Collections.Tests/System.Runtime.CompilerServices.Unsafe/System.Runtime.CompilerServices.Unsafe.dll, AssemblyName=System.Runtime.CompilerServices.Unsafe, Version=6.0.0.0, Culture=neutral, PublicKeyToken=b03f5f7f11d50a3a'.Assembly Assembly-CSharp-Editor-firstpass.dll at Library/ScriptAssemblies/Assembly-CSharp-Editor-firstpass.dll not valid. Loading of assembly skipped.
Assembly Assembly-CSharp-firstpass.dll at Library/ScriptAssemblies/Assembly-CSharp-firstpass.dll not valid. Loading of assembly skipped.
Assembly DocCodeExamples.dll at Library/ScriptAssemblies/DocCodeExamples.dll not valid. Loading of assembly skipped.
Assembly TestNewCustomAssembly.dll at Library/ScriptAssemblies/TestNewCustomAssembly.dll not valid. Loading of assembly skipped.
Assembly Unity.2D.Sprite.Package.EditorTests.dll at Library/ScriptAssemblies/Unity.2D.Sprite.Package.EditorTests.dll not valid. Loading of assembly skipped.
Assembly Unity.AI.Assistant.Integrations.Sample.Editor.dll at Library/ScriptAssemblies/Unity.AI.Assistant.Integrations.Sample.Editor.dll not valid. Loading of assembly skipped.
Assembly Unity.AppUI.Editor.Tests.dll at Library/ScriptAssemblies/Unity.AppUI.Editor.Tests.dll not valid. Loading of assembly skipped.
Assembly Unity.AppUI.Tests.dll at Library/ScriptAssemblies/Unity.AppUI.Tests.dll not valid. Loading of assembly skipped.
Assembly Unity.Collections.BurstCompatibilityGen.dll at Library/ScriptAssemblies/Unity.Collections.BurstCompatibilityGen.dll not valid. Loading of assembly skipped.
Assembly Unity.Collections.DocCodeSamples.dll at Library/ScriptAssemblies/Unity.Collections.DocCodeSamples.dll not valid. Loading of assembly skipped.
Assembly Unity.Collections.PerformanceTests.dll at Library/ScriptAssemblies/Unity.Collections.PerformanceTests.dll not valid. Loading of assembly skipped.
Assembly Unity.Collections.Tests.dll at Library/ScriptAssemblies/Unity.Collections.Tests.dll not valid. Loading of assembly skipped.
Assembly Unity.Collections.Tests.Playmode.dll at Library/ScriptAssemblies/Unity.Collections.Tests.Playmode.dll not valid. Loading of assembly skipped.
Assembly Unity.InputSystem.IntegrationTests.dll at Library/ScriptAssemblies/Unity.InputSystem.IntegrationTests.dll not valid. Loading of assembly skipped.
Assembly Unity.Mathematics.Tests.dll at Library/ScriptAssemblies/Unity.Mathematics.Tests.dll not valid. Loading of assembly skipped.
Assembly Unity.Multiplayer.Center.Editor.Tests.dll at Library/ScriptAssemblies/Unity.Multiplayer.Center.Editor.Tests.dll not valid. Loading of assembly skipped.
Assembly Unity.Multiplayer.Center.Tests.dll at Library/ScriptAssemblies/Unity.Multiplayer.Center.Tests.dll not valid. Loading of assembly skipped.
Assembly Unity.Nuget.Mono-Cecil.dll at Library/ScriptAssemblies/Unity.Nuget.Mono-Cecil.dll not valid. Loading of assembly skipped.
Assembly Unity.PathTracing.Editor.Tests.dll at Library/ScriptAssemblies/Unity.PathTracing.Editor.Tests.dll not valid. Loading of assembly skipped.
Assembly Unity.PathTracing.Runtime.Tests.dll at Library/ScriptAssemblies/Unity.PathTracing.Runtime.Tests.dll not valid. Loading of assembly skipped.
Assembly Unity.RenderPipelines.Core.Editor.Tests.dll at Library/ScriptAssemblies/Unity.RenderPipelines.Core.Editor.Tests.dll not valid. Loading of assembly skipped.
Assembly Unity.RenderPipelines.Core.Runtime.Tests.dll at Library/ScriptAssemblies/Unity.RenderPipelines.Core.Runtime.Tests.dll not valid. Loading of assembly skipped.
Assembly Unity.RenderPipelines.Universal.Config.Editor.Tests.dll at Library/ScriptAssemblies/Unity.RenderPipelines.Universal.Config.Editor.Tests.dll not valid. Loading of assembly skipped.
Assembly Unity.RenderPipelines.Universal.Editor.Tests.dll at Library/ScriptAssemblies/Unity.RenderPipelines.Universal.Editor.Tests.dll not valid. Loading of assembly skipped.
Assembly Unity.RenderPipelines.Universal.Runtime.Tests.dll at Library/ScriptAssemblies/Unity.RenderPipelines.Universal.Runtime.Tests.dll not valid. Loading of assembly skipped.
Assembly Unity.Searcher.EditorTests.dll at Library/ScriptAssemblies/Unity.Searcher.EditorTests.dll not valid. Loading of assembly skipped.
Assembly Unity.ShaderGraph.Editor.Tests.dll at Library/ScriptAssemblies/Unity.ShaderGraph.Editor.Tests.dll not valid. Loading of assembly skipped.
Assembly Unity.TextMeshPro.Editor.Tests.dll at Library/ScriptAssemblies/Unity.TextMeshPro.Editor.Tests.dll not valid. Loading of assembly skipped.
Assembly Unity.TextMeshPro.Tests.dll at Library/ScriptAssemblies/Unity.TextMeshPro.Tests.dll not valid. Loading of assembly skipped.
Assembly Unity.UnifiedRayTracing.Editor.Tests.dll at Library/ScriptAssemblies/Unity.UnifiedRayTracing.Editor.Tests.dll not valid. Loading of assembly skipped.
Assembly Unity.XR.CoreUtils.CodeSamples.Tests.dll at Library/ScriptAssemblies/Unity.XR.CoreUtils.CodeSamples.Tests.dll not valid. Loading of assembly skipped.
Assembly Unity.XR.CoreUtils.Editor.Tests.dll at Library/ScriptAssemblies/Unity.XR.CoreUtils.Editor.Tests.dll not valid. Loading of assembly skipped.
Assembly Unity.XR.CoreUtils.Tests.dll at Library/ScriptAssemblies/Unity.XR.CoreUtils.Tests.dll not valid. Loading of assembly skipped.
Assembly Unity.XR.Interaction.Toolkit.Editor.Tests.dll at Library/ScriptAssemblies/Unity.XR.Interaction.Toolkit.Editor.Tests.dll not valid. Loading of assembly skipped.
Assembly Unity.XR.Interaction.Toolkit.Tests.dll at Library/ScriptAssemblies/Unity.XR.Interaction.Toolkit.Tests.dll not valid. Loading of assembly skipped.
Assembly Unity.XR.Management.EditorTests.dll at Library/ScriptAssemblies/Unity.XR.Management.EditorTests.dll not valid. Loading of assembly skipped.
Assembly Unity.XR.Management.TestPackage.dll at Library/ScriptAssemblies/Unity.XR.Management.TestPackage.dll not valid. Loading of assembly skipped.
Assembly Unity.XR.Management.TestPackage.Editor.dll at Library/ScriptAssemblies/Unity.XR.Management.TestPackage.Editor.dll not valid. Loading of assembly skipped.
Assembly Unity.XR.Management.Tests.dll at Library/ScriptAssemblies/Unity.XR.Management.Tests.dll not valid. Loading of assembly skipped.
Assembly Unity.XR.Management.Tests.Standalone.dll at Library/ScriptAssemblies/Unity.XR.Management.Tests.Standalone.dll not valid. Loading of assembly skipped.
Assembly Unity.XR.TestSupport.dll at Library/ScriptAssemblies/Unity.XR.TestSupport.dll not valid. Loading of assembly skipped.
Assembly UnityEditor.UI.Common.Tests.dll at Library/ScriptAssemblies/UnityEditor.UI.Common.Tests.dll not valid. Loading of assembly skipped.
Assembly UnityEditor.UI.EditorTests.dll at Library/ScriptAssemblies/UnityEditor.UI.EditorTests.dll not valid. Loading of assembly skipped.
Assembly UnityEditor.XR.LegacyInputHelpers.Tests.dll at Library/ScriptAssemblies/UnityEditor.XR.LegacyInputHelpers.Tests.dll not valid. Loading of assembly skipped.
Assembly UnityEngine.SpatialTracking.Tests.dll at Library/ScriptAssemblies/UnityEngine.SpatialTracking.Tests.dll not valid. Loading of assembly skipped.
Assembly UnityEngine.UI.Tests.dll at Library/ScriptAssemblies/UnityEngine.UI.Tests.dll not valid. Loading of assembly skipped.
Refreshing native plugins compatible for Editor in 21.82 ms, found 5 plugins.
Native extension for Android target not found
Native extension for WindowsStandalone target not found
Native extension for WebGL target not found
Refreshing native plugins compatible for Editor in 15.13 ms, found 5 plugins.
Duplicate assembly 'System.Runtime.CompilerServices.Unsafe.dll' with different versions detected, using 'Packages/com.unity.ai.assistant/Plugins/Shared/System.Runtime.CompilerServices.Unsafe.dll, AssemblyName=System.Runtime.CompilerServices.Unsafe, Version=6.0.3.0, Culture=neutral, PublicKeyToken=b03f5f7f11d50a3a' and ignoring 'Packages/com.unity.collections/Unity.Collections.Tests/System.Runtime.CompilerServices.Unsafe/System.Runtime.CompilerServices.Unsafe.dll, AssemblyName=System.Runtime.CompilerServices.Unsafe, Version=6.0.0.0, Culture=neutral, PublicKeyToken=b03f5f7f11d50a3a'.Refreshing native plugins compatible for Editor in 22.90 ms, found 5 plugins.
ScheduleIndexationOnStartup MainProcess:True IndexOnStartup:True
Mono: successfully reloaded assembly
- Finished resetting the current domain, in 17.545 seconds
Domain Reload Profiling: 22327ms
	BeginReloadAssembly (869ms)
		DisableScriptedObjects (85ms)
		CreateAndSetChildDomain (238ms)
	RebuildCommonClasses (146ms)
	RebuildNativeTypeToScriptingClass (36ms)
	initialDomainReloadingComplete (369ms)
	LoadAllAssembliesAndSetupDomain (3362ms)
		LoadAssemblies (1737ms)
		AnalyzeDomain (1974ms)
			TypeCache.Refresh (1490ms)
				TypeCache.ScanAssembly (1402ms)
			BuildScriptInfoCaches (430ms)
			ResolveRequiredComponents (50ms)
	FinalizeReload (17546ms)
		SetupLoadedEditorAssemblies (0ms)
			InitializePlatformSupportModulesInManaged (135ms)
			BeforeProcessingInitializeOnLoad (921ms)
			ProcessInitializeOnLoadAttributes (13666ms)
			ProcessInitializeOnLoadMethodAttributes (1598ms)
			AfterProcessingInitializeOnLoad (17ms)
		AwakeInstancesAfterBackupRestoration (81ms)
Start importing Packages/com.unity.render-pipelines.core/Tests/Editor/UnifiedRayTracing/TraceRays.urtshader using Guid(1142bbad8b9e8c44c83a9775ff120d37) (ScriptedImporter)Launched and connected shader compiler UnityShaderCompiler.exe after 0.75 seconds
 -> (Import Result ID: 'f42716221b59849cf9e993221079ce4c') in 1.0138743 seconds [static and dynamic dependencies]. Details - ImportResultOutputID=b3b1151191abf2deaff79d38c4734d93 DependenciesID=dda7eea895f12c31708c958bee83d26f StaticDependenciesID=b7859538b7c8061be2c1df0681a26cec 
Start importing Packages/com.unity.render-pipelines.core/Runtime/Lighting/SurfaceCache/RisEstimation.urtshader using Guid(713f6141bd66a134383b787f2eaa7c11) (ScriptedImporter) -> (Import Result ID: 'd5d5d19bf9b228fe422ca8934a5e54ce') in 0.0482579 seconds [static and dynamic dependencies]. Details - ImportResultOutputID=f20213bfc8343894208b8b9c02c4553c DependenciesID=1899bec56bcce3dc4c463dce8227287e StaticDependenciesID=1251c416255850dca778d66927462604 
Start importing Packages/com.unity.render-pipelines.core/Runtime/PathTracing/Shaders/LightmapShadowMaskIntegration.urtshader using Guid(d19f4f8a13b6edb48b986a47ec96402e) (ScriptedImporter) -> (Import Result ID: '48016999587b76e2901db8a44aa21df7') in 0.0691534 seconds [static and dynamic dependencies]. Details - ImportResultOutputID=f7b0ccb42a34d4487a972587f61c03b9 DependenciesID=e7652189ee770c38b08dbb922aab1f13 StaticDependenciesID=dddefbaa39ba5d51a386df5433e82fa1 
Start importing Packages/com.unity.render-pipelines.core/Runtime/PathTracing/Shaders/LightmapGBufferDebug.urtshader using Guid(737a1597422c12547a8714d76a9406ec) (ScriptedImporter) -> (Import Result ID: 'c1a4f81254322d8a27bea17ed67be82f') in 0.0420944 seconds [static and dynamic dependencies]. Details - ImportResultOutputID=e751efae9db27495068652407542abcc DependenciesID=830e0a5cbabf4e06b48240e5ef6502e2 StaticDependenciesID=62194a0448f2b8616e1214fb593272db 
Start importing Packages/com.unity.render-pipelines.core/Runtime/PathTracing/Shaders/LightmapNormalIntegration.urtshader using Guid(1451d029813b192429211be28181beab) (ScriptedImporter) -> (Import Result ID: '2b1238ae7930a6314cc1730d081bb9dd') in 0.0318403 seconds [static and dynamic dependencies]. Details - ImportResultOutputID=3928d2b7b638be08a06e2c14a90e75de DependenciesID=18d67b0a34e81a20433e805cf73c5674 StaticDependenciesID=cbe3820d9825e61936c3967ec27e4e90 
Start importing Packages/com.unity.render-pipelines.core/Editor/Lighting/ProbeVolume/RenderingLayerMask/TraceRenderingLayerMask.urtshader using Guid(94a070d33e408384bafc1dea4a565df9) (ScriptedImporter) -> (Import Result ID: 'ce17f546570f24fc4884e9057946838a') in 0.0286862 seconds [static and dynamic dependencies]. Details - ImportResultOutputID=de1e64e367784ab6084372e399e8025a DependenciesID=d1f6985c025e94c807f5c48a630935ef StaticDependenciesID=83d03f1fcc976b11b697d3bab0b97d8c 
Start importing Packages/com.unity.render-pipelines.core/Runtime/Lighting/SurfaceCache/UniformEstimation.urtshader using Guid(94a39d12848d8d64ca962a72b74e7c50) (ScriptedImporter) -> (Import Result ID: '88a0e517c70fb3d5ec435d4648e7a41b') in 0.0487451 seconds [static and dynamic dependencies]. Details - ImportResultOutputID=39445c69d5ae59560324c0feb1dcd00e DependenciesID=d9de2a774bee26724ca24053e0b44cac StaticDependenciesID=f100dc97879ef35876f7ad5427566dd9 
Start importing Packages/com.unity.render-pipelines.core/Tests/Editor/UnifiedRayTracing/TraceTransparentRays.urtshader using Guid(6513c3b892e933c4f8d00c19d5c47532) (ScriptedImporter) -> (Import Result ID: '61f7082febc052dbea226c0845f340a9') in 0.020318 seconds [static and dynamic dependencies]. Details - ImportResultOutputID=7e0b6617eceb72091ca1d06d67981270 DependenciesID=4b3182aff59ef5c521aeb6d6d6a1eee1 StaticDependenciesID=5e41b194f27d8b70c797e75555e2b1f0 
Start importing Packages/com.unity.render-pipelines.core/Runtime/PathTracing/Shaders/LightmapIndirectIntegration.urtshader using Guid(7624adbeb148b5c48ab5ab660cc2602a) (ScriptedImporter) -> (Import Result ID: '93d4a9c3230a23dfcecf482cb330917f') in 0.0350631 seconds [static and dynamic dependencies]. Details - ImportResultOutputID=05575cd6d70ce688f227b101049f4bf9 DependenciesID=8f5678e7f2a0d064037e01d2a59f270f StaticDependenciesID=6d19372de11b03798f093933090e79bb 
Start importing Packages/com.unity.render-pipelines.core/Runtime/PathTracing/Shaders/LightmapGBufferIntegration.urtshader using Guid(e9f4de6d1e07fb94f9a60d35b618f724) (ScriptedImporter) -> (Import Result ID: '0c1cf3cfee73f1eccefe1d6b6d70284f') in 0.0244201 seconds [static and dynamic dependencies]. Details - ImportResultOutputID=3401c773f4e2fe134310b9c1c1c35d08 DependenciesID=a77a07ac7a05b4c39f593997f3820cb9 StaticDependenciesID=66dc06979910318021783fcb4ccd3ecc 
Start importing Packages/com.unity.render-pipelines.core/Editor/Lighting/ProbeVolume/DynamicGI/DynamicGISkyOcclusion.urtshader using Guid(5a2a534753fbdb44e96c3c78b5a6999d) (ScriptedImporter) -> (Import Result ID: 'b0941bf74af994705ff5ab1121ea5a54') in 0.0269455 seconds [static and dynamic dependencies]. Details - ImportResultOutputID=d6610a8e94027f24c7a9ff3c718e1d01 DependenciesID=a63c010fc12a40219457c60976fd9bbd StaticDependenciesID=18974378deb0e4fc540e6b2321b0ff13 
Start importing Packages/com.unity.render-pipelines.core/Runtime/PathTracing/Shaders/LightmapDirectIntegration.urtshader using Guid(5bbebdef5916845478fcef13fa10d89f) (ScriptedImporter) -> (Import Result ID: 'eef8de930dddbfcae9d1f5a2c163385f') in 0.0356346 seconds [static and dynamic dependencies]. Details - ImportResultOutputID=e6b9357cf1ca69d7bed1e1442dc85edf DependenciesID=ca0ba41baf060a789fcf7ac93041b9c6 StaticDependenciesID=63188f79534be5f4b9e074ad4af5bfb7 
Start importing Packages/com.unity.render-pipelines.core/Tests/Editor/UnifiedRayTracing/TraceRaysAndFetchAttributes.urtshader using Guid(fbc59f55df2416344b008dc23753cae2) (ScriptedImporter) -> (Import Result ID: '69627926f6af2ebc8e9fea211945ab67') in 0.0188894 seconds [static and dynamic dependencies]. Details - ImportResultOutputID=50fae1ba052f80ad868ae932bed76324 DependenciesID=ef7abbe528494130eed7bf1b28857e68 StaticDependenciesID=aa8291e86ea82085a643681c1c779d39 
Start importing Packages/com.unity.render-pipelines.core/Runtime/PathTracing/Shaders/LightmapAOIntegration.urtshader using Guid(1c410815c01ce1d4d82c645c0cd45747) (ScriptedImporter) -> (Import Result ID: '4e3375e01985ba63d02f3cda9c1db65d') in 0.0321208 seconds [static and dynamic dependencies]. Details - ImportResultOutputID=fb5a90ba086c910acc6da94681dd2bd2 DependenciesID=b0272373ec69934a7dd7022096bdeeed StaticDependenciesID=bcaf3aac9727a2ca27155e619d011e5f 
Start importing Packages/com.unity.render-pipelines.core/Runtime/PathTracing/Shaders/ProbeIntegrationValidity.urtshader using Guid(2c32233d92a2d0745930664c087c5c9a) (ScriptedImporter) -> (Import Result ID: '306509a670a59a1bd9a3cc5337df43c9') in 0.0275338 seconds [static and dynamic dependencies]. Details - ImportResultOutputID=7e89064a35e883e08787415255b3f464 DependenciesID=af7525012b1b453b00ba22bd30347cc9 StaticDependenciesID=4aea10376946a8225ccdfdec15a70dac 
Start importing Packages/com.unity.render-pipelines.core/Runtime/PathTracing/Shaders/LightmapValidityIntegration.urtshader using Guid(ace95ac84e213794891b4bd7c9b3c158) (ScriptedImporter) -> (Import Result ID: '6eed677daa76b18a58ad0ddb0f82bf14') in 0.035814 seconds [static and dynamic dependencies]. Details - ImportResultOutputID=4ba5d77ce9be666dc05d7be4a4e81db5 DependenciesID=eb0a8b5f56716882d66c747af9f4f351 StaticDependenciesID=46d905dacc01197a8e043a8ad4f9d21d 
Start importing Packages/com.unity.render-pipelines.core/Runtime/Lighting/SurfaceCache/RestirCandidateTemporal.urtshader using Guid(ad3a9f9982f8c4f4a839a78955e78458) (ScriptedImporter) -> (Import Result ID: 'b339264eb6ec4c88d373006666def02b') in 0.0259379 seconds [static and dynamic dependencies]. Details - ImportResultOutputID=d8e9dc050f6cb2965825372284fe0464 DependenciesID=3b48b00b9878a4a0c79b3459795026e5 StaticDependenciesID=2beaac54fac463ee5ee15c00b0990d01 
Start importing Packages/com.unity.render-pipelines.core/Runtime/PathTracing/Shaders/ProbeIntegrationIndirect.urtshader using Guid(5ecdabd800f05984696f22ba95284516) (ScriptedImporter) -> (Import Result ID: '7362ff94a7f7f2ac56e68aeddd6177c4') in 0.0344032 seconds [static and dynamic dependencies]. Details - ImportResultOutputID=c887ac74bf851f7264fdb4a2deb0fa9f DependenciesID=8ca4a900ab33c2d3813c98c370602304 StaticDependenciesID=83ecbbd61911181b4944eb7ac9eabee5 
Start importing Packages/com.unity.render-pipelines.core/Tests/Runtime/PathTracing/PathIteratorTest.urtshader using Guid(6e0b547bab30a804c8123974120d583f) (ScriptedImporter) -> (Import Result ID: 'd49ac4bcdd6790694ed5947fad1bdf22') in 0.0344033 seconds [static and dynamic dependencies]. Details - ImportResultOutputID=cdf6ddf42683a2cc5225a885356ad6e7 DependenciesID=9a28ea27c12216dae843c3b19a5af24b StaticDependenciesID=cf2a33ce9b71ea08a4459556694e1323 
Start importing Packages/com.unity.render-pipelines.core/Runtime/PathTracing/Shaders/LiveGI.urtshader using Guid(ceb7a31b84722d144bbeff1c8cd88769) (ScriptedImporter) -> (Import Result ID: 'b3844888fc4ba532019c0d50bd2b47f0') in 0.033528 seconds [static and dynamic dependencies]. Details - ImportResultOutputID=ec6a8be4ce0b37e42a2d622c2022a787 DependenciesID=0a9f187b407eab471cc6d6726e63e672 StaticDependenciesID=628001b751fe9fddf64a203b1446575e 
Start importing Packages/com.unity.render-pipelines.core/Runtime/PathTracing/Shaders/ProbeIntegrationOcclusion.urtshader using Guid(de3013e16d99f2746ab1735ec06a660b) (ScriptedImporter) -> (Import Result ID: '91d10233ced6d8d08476d736f7a079e2') in 0.0332504 seconds [static and dynamic dependencies]. Details - ImportResultOutputID=853b47c4c00ee1c49d50eb9736bec6b4 DependenciesID=e6280bd1b2ec8fcb6667bd28e50d6baf StaticDependenciesID=183f3d853e4af89ec08f4e79696e167d 
Start importing Packages/com.unity.render-pipelines.core/Runtime/PathTracing/Shaders/ProbeIntegrationDirect.urtshader using Guid(1f9bfe60b4ad75943a5281839c1a4e5c) (ScriptedImporter) -> (Import Result ID: 'dad4dd61624bad6752700f5d3fddab26') in 0.0298424 seconds [static and dynamic dependencies]. Details - ImportResultOutputID=2a7c62bc5fec84313ceafa58236b5e74 DependenciesID=94200a5c2153ee34551978f98f6ab474 StaticDependenciesID=d3f99f9cc1ae2c0c0147c2fa8da668fc 
Start importing Packages/com.unity.render-pipelines.core/Editor/Lighting/ProbeVolume/VirtualOffset/TraceVirtualOffset.urtshader using Guid(ff2cbab5da58bf04d82c5f34037ed123) (ScriptedImporter) -> (Import Result ID: 'ededeee9772de66c4eea6e8dec595fce') in 0.0277777 seconds [static and dynamic dependencies]. Details - ImportResultOutputID=c65b72dd7c0f731a7891d8893f125719 DependenciesID=76d753b674761afec0b21e745466a96e StaticDependenciesID=f51ff46b48d84884c883ac486ebfd7f9 
Refreshing native plugins compatible for Editor in 32.21 ms, found 5 plugins.
(Values over 0.050ms)
Asset Pipeline Refresh (id=5919fd858a5bb2d40b9fd39942925c81): Total: 54.376 seconds - Initiated by InitialRefreshV2(ForceSynchronousImport)
	Summary:
		Imports: total=23 (actual=23, local cache=0, cache server=0)
		Asset DB Process Time: managed=18 ms, native=25741 ms
		Asset DB Callback time: managed=3046 ms, native=1329 ms
		Scripting: domain reloads=1, domain reload time=4805 ms, compile time=19203 ms, other=229 ms
		Project Asset Count: scripts=2397, non-scripts=6070
		Asset File Changes: new=0, changed=1, moved=0, deleted=0
		Scan Filter Count: 0
	InvokePackagesCallback: 106.645ms
	ApplyChangesToAssetFolders: 4.918ms
	Scan: 4270.800ms
	OnSourceAssetsModified: 1.823ms
	CategorizeScriptCompilationAssets: 332.201ms
	ProcessAssetsWithTransientArtifactChanges: 382.127ms
	CategorizeAssets: 478.686ms
	CompileScripts: 19202.615ms
	ImportOutOfDateAssets: 19504.378ms (17667.236ms without children)
		ImportManagerImport: 1798.867ms (5.423ms without children)
			UpdateCategorizedAssets: 3.410ms
		ReloadNativeAssets: 0.073ms
		UnloadImportedAssets: 1.714ms
		ReloadImportedAssets: 5.250ms
		EnsureUptoDateAssetsAreRegisteredWithGuidPM: 2.884ms
		OnDemandSchedulerStart: 33.579ms
	PostProcessAllAssets: 4230.640ms
		RaytracingShaderImportPostprocess 585.900ms
		ComputeShaderImportPostprocess 583.692ms
		XRBuildSystem.XRAssetImported 3.743ms
		VCAutoAddAssetPostprocess 3.236ms
		PostProcessCallbackCreateDeferredMaterials 0.115ms
		ShaderAssetModifiedCallback 0.098ms
		AssemblyValidation.PostprocessAllAssets 0.074ms
		SpeedTreeImporter.PostprocessAllAssets 0.067ms
		BlockShaderImporter.PostprocessAllAssets 0.066ms
		LocalizationDatabase.AssetDatabasePostprocessCallback 0.064ms
		MonoPostProcessAllAssets: 3044.946ms
			AssetPostprocessor.OnPostprocessAllAssets 1570.256ms
			UniversalRenderPipelineGlobalSettingsPostprocessor.OnPostprocessAllAssets 219.661ms
			AssetCallbacks.OnPostprocessAllAssets 116.383ms
			AssetReferenceReimportMonitor.OnPostprocessAllAssets 96.200ms
			StyleCatalogPostProcessor.OnPostprocessAllAssets 65.255ms
			BuilderAssetPostprocessor.OnPostprocessAllAssets 22.408ms
			GraphRefreshPostprocessor.OnPostprocessAllAssets 17.025ms
			SyncVS.PostprocessSyncProject 9.294ms
			ShaderGraphAssetPostProcessor.OnPostprocessAllAssets 7.267ms
			MaterialPostprocessor.OnPostprocessAllAssets 6.572ms
			SpeedTree9Postprocessor.OnPostprocessAllAssets 6.380ms
			WindowAssetPostprocessingWatcher.OnPostprocessAllAssets 6.138ms
			AssetChangedListener.OnPostprocessAllAssets 4.763ms
			RenderPipelineGlobalSettingsPostprocessor.OnPostprocessAllAssets 4.657ms
			RetainedModeAssetPostprocessor.OnPostprocessAllAssets 4.363ms
			ModelAssetProcessor.OnPostprocessAllAssets 3.334ms
			AssetChangeDetector.OnPostprocessAllAssets 2.423ms
			PostProcessor.OnPostprocessAllAssets 2.328ms
			SpriteEditorTexturePostprocessor.OnPostprocessAllAssets 1.712ms
			ArtifactBrowserPostProcessor.OnPostprocessAllAssets 1.610ms
			InputActionAssetPostprocessor.OnPostprocessAllAssets 1.542ms
			TextAssetPostProcessor.OnPostprocessAllAssets 1.462ms
			UVCSAssetPostprocessor.OnPostprocessAllAssets 1.436ms
			TMPro_TexturePostProcessor.OnPostprocessAllAssets 1.343ms
			SkillsProjectAssetPostprocessor.OnPostprocessAllAssets 1.301ms
			InputActionJsonNameModifierAssetProcessor.OnPostprocessAllAssets 1.299ms
			ReferencedClipsPostProcessor.OnPostprocessAllAssets 1.248ms
			AudioMixerPostprocessor.OnPostprocessAllAssets 1.096ms
			ProjectSettingsPostprocessor.OnPostprocessAllAssets 1.051ms
			AssetEvents.OnPostprocessAllAssets 0.893ms
			ConfigAssetsTracker.OnPostprocessAllAssets 0.715ms
			WebXRBuildProcessor.OnPostprocessAllAssets 0.707ms
			TerrainToolbarOverlayPostProcessor.OnPostprocessAllAssets 0.689ms
			AssetDatabaseCallbacks.OnPostprocessAllAssets 0.656ms
			SpeedTreePostProcessor.OnPostprocessAllAssets 0.521ms
			SamplePostprocessor.OnPostprocessAllAssets 0.497ms
			ScenarioDriftAssetsTracker.OnPostprocessAllAssets 0.426ms
			AudioContainerPostProcessor.OnPostprocessAllAssets 0.273ms
			TrackSelectedAssetsProcessor.OnPostprocessAllAssets 0.271ms
	PostAssetChangesProfiler: 41.130ms
	UnloadStreamsBegin: 9.087ms
	PersistCurrentRevisions: 2.063ms
	GenerateScriptTypeHashes: 20.173ms
	GenerateScriptTypeSerializationHashes: 33.776ms
	Untracked: 5780.055ms

Application.AssetDatabase Initial Refresh End
Shader Hidden/ChartRasterizerHardware is not supported: GPU does not support conservative rasterization
Scanning for USB devices : 31.814ms
Initializing Unity extensions:
[MODES] ModeService[none].Initialize
[MODES] ModeService[none].LoadModes
[MODES] Loading mode Default (0) for mode-current-id-InteractiveAgents2
[Licensing::Client] Successfully resolved entitlement details
Unloading 92 Unused Serialized files (Serialized files now loaded: 0)
Unloading 11307 unused Assets / (5.3 MB). Loaded Objects now: 12196.
Memory consumption went from 322.6 MB to 317.4 MB.
Total: 37.284200 ms (FindLiveObjects: 1.175500 ms CreateObjectMapping: 1.047400 ms MarkObjects: 30.721900 ms  DeleteObjects: 4.333300 ms)

Batchmode quit successfully invoked - shutting down!
Curl error 42: Callback aborted
Killing ADB server in 2,1976354 seconds.
Start importing ProjectSettings/EditorBuildSettings.asset using Guid(0000000000000000b000000000000000) (LibraryAssetImporter) -> (Import Result ID: '9b5b4b1ce977c0394bd6e11392a44803') in 0.0237359 seconds [static dependencies only]. Details - ImportResultOutputID=d777934f36c664454d62eda103573334 DependenciesID=c332da2a486a9d2273b14b0285056503 StaticDependenciesID=831eb131f29acd1f027c45ab048a6ff6 
[Licensing::Client] Successfully resolved entitlement details
Refreshing native plugins compatible for Editor in 21.15 ms, found 5 plugins.
(Values over 0.050ms)
Asset Pipeline Refresh (id=c4d47b75657b8b44883ad018a7f52673): Total: 0.715 seconds - Initiated by StopAssetImportingV2(NoUpdateAssetOptions)
	Summary:
		Imports: total=1 (actual=1, local cache=0, cache server=0)
		Asset DB Process Time: managed=5 ms, native=629 ms
		Asset DB Callback time: managed=15 ms, native=62 ms
		Scripting: domain reloads=0, domain reload time=0 ms, compile time=0 ms, other=0 ms
		Project Asset Count: scripts=2397, non-scripts=6070
		Asset File Changes: new=0, changed=0, moved=0, deleted=0
		Scan Filter Count: 1
	ApplyChangesToAssetFolders: 0.279ms
	Scan: 251.074ms
	ProcessAssetsWithTransientArtifactChanges: 0.277ms
	CategorizeAssets: 318.342ms
	ImportOutOfDateAssets: 33.723ms (3.174ms without children)
		ImportManagerImport: 25.151ms (0.632ms without children)
		ReloadNativeAssets: 0.080ms
		UnloadImportedAssets: 0.700ms
		EnsureUptoDateAssetsAreRegisteredWithGuidPM: 3.050ms
		OnDemandSchedulerStart: 1.559ms
	PostProcessAllAssets: 57.109ms
		XRBuildSystem.XRAssetImported 40.990ms
		MonoPostProcessAllAssets: 15.799ms
			SyncVS.PostprocessSyncProject 11.083ms
			AssetPostprocessor.OnPostprocessAllAssets 2.775ms
			GraphRefreshPostprocessor.OnPostprocessAllAssets 0.225ms
			RenderPipelineGlobalSettingsPostprocessor.OnPostprocessAllAssets 0.189ms
			RetainedModeAssetPostprocessor.OnPostprocessAllAssets 0.149ms
			ShaderGraphAssetPostProcessor.OnPostprocessAllAssets 0.136ms
			ModelAssetProcessor.OnPostprocessAllAssets 0.109ms
			SpriteEditorTexturePostprocessor.OnPostprocessAllAssets 0.080ms
			UniversalRenderPipelineGlobalSettingsPostprocessor.OnPostprocessAllAssets 0.064ms
	PostAssetChangesProfiler: 21.642ms
	GatherAllCurrentPrimaryImportResultRevisions: 1.000ms
	UnloadStreamsBegin: 0.079ms
	PersistCurrentRevisions: 0.665ms
	Untracked: 30.650ms

[Physics::Module] Cleanup current backend.
[Physics::Module] Id: 0xf2b8ea05
Input System module state changed to: ShutdownInProgress.
Input Polling Thread exited.
Input System module state changed to: Shutdown.
[Licensing::IpcConnector] LicenseClient-BurkLo-6000.4.5-notifications channel disconnected successfully.
[Licensing::IpcConnector] LicenseClient-BurkLo-6000.4.5 channel disconnected successfully.
AcceleratorClientConnectionCallback - disconnected - :0
Cleanup mono
CodeReloadManager destroyed
Exiting batchmode successfully now!
Exiting without the bug reporter. Application will terminate with return code 0